Microchip MPLAB XC8 Compiler V2.32

Linker command line:

-W-3 --edf=/opt/microchip/xc8/v2.32/pic/dat/en_msgs.txt -cn \
  -h+dist/default/production/coffee_grinder_auxiliary_modified__v1.X.production.sym \
  --cmf=dist/default/production/coffee_grinder_auxiliary_modified__v1.X.production.cmf \
  -z -Q16F1829 -o/tmp/xcXlnAMOE --defsym=__MPLAB_BUILD=1 \
  -Mdist/default/production/coffee_grinder_auxiliary_modified__v1.X.production.map \
  -E1 -ver=XC8 Compiler --acfsm=1493 -ASTACK=02068h-023EFh -pstack=STACK \
  -ACODE=00h-07FFhx4 -ASTRCODE=00h-01FFFh -ASTRING=00h-0FFhx32 \
  -ACONST=00h-0FFhx32 -AENTRY=00h-0FFhx32 -ACOMMON=070h-07Fh \
  -ABANK0=020h-06Fh -ABANK1=0A0h-0EFh -ABANK2=0120h-016Fh \
  -ABANK3=01A0h-01EFh -ABANK4=0220h-026Fh -ABANK5=02A0h-02EFh \
  -ABANK6=0320h-036Fh -ABANK7=03A0h-03EFh -ABANK8=0420h-046Fh \
  -ABANK9=04A0h-04EFh -ABANK10=0520h-056Fh -ABANK11=05A0h-05EFh \
  -ABANK12=0620h-064Fh -ABIGRAM=02000h-023EFh \
  -ARAM=020h-06Fh,0A0h-0EFh,0120h-016Fh,01A0h-01EFh,0220h-026Fh,02A0h-02EFh,0320h-036Fh,03A0h-03EFh,0420h-046Fh,04A0h-04EFh,0520h-056Fh,05A0h-05EFh,0620h-064Fh \
  -AABS1=020h-07Fh,0A0h-0EFh,0120h-016Fh,01A0h-01EFh,0220h-026Fh,02A0h-02EFh,0320h-036Fh,03A0h-03EFh,0420h-046Fh,04A0h-04EFh,0520h-056Fh,05A0h-05EFh,0620h-064Fh \
  -ASFR0=00h-01Fh -ASFR1=080h-09Fh -ASFR2=0100h-011Fh -ASFR3=0180h-019Fh \
  -ASFR4=0200h-021Fh -ASFR5=0280h-029Fh -ASFR6=0300h-031Fh \
  -ASFR7=0380h-039Fh -ASFR8=0400h-041Fh -ASFR9=0480h-049Fh \
  -ASFR10=0500h-051Fh -ASFR11=0580h-059Fh -ASFR12=0600h-061Fh \
  -ASFR13=0680h-06EFh -ASFR14=0700h-076Fh -ASFR15=0780h-07EFh \
  -ASFR16=0800h-086Fh -ASFR17=0880h-08EFh -ASFR18=0900h-096Fh \
  -ASFR19=0980h-09EFh -ASFR20=0A00h-0A6Fh -ASFR21=0A80h-0AEFh \
  -ASFR22=0B00h-0B6Fh -ASFR23=0B80h-0BEFh -ASFR24=0C00h-0C6Fh \
  -ASFR25=0C80h-0CEFh -ASFR26=0D00h-0D6Fh -ASFR27=0D80h-0DEFh \
  -ASFR28=0E00h-0E6Fh -ASFR29=0E80h-0EEFh -ASFR30=0F00h-0F6Fh \
  -ASFR31=0F80h-0FEFh -ACONFIG=08007h-08008h -DCONFIG=2 \
  -AIDLOC=08000h-08003h -DIDLOC=2 -AEEDATA=00h-0FFh/0F000h \
  -peeprom_data=EEDATA -DEEDATA=2 -DCODE=2 -DSTRCODE=2 -DSTRING=2 -DCONST=2 \
  -DENTRY=2 -preset_vec=00h,intentry=04h,init,end_init -ppowerup=CODE \
  -pcinit=CODE -pfunctab=ENTRY -k /tmp/xcXNBCMPj.o \
  dist/default/production/coffee_grinder_auxiliary_modified__v1.X.production.o 

Object code version is 3.11

Machine type is 16F1829



                Name                               Link     Load   Length Selector   Space Scale
/tmp/xcXNBCMPj.o
                end_init                             44       44        2        8       0
                reset_vec                             0        0        2        0       0
                config                             8007     8007        2        0       4
dist/default/production/coffee_grinder_auxiliary_modified__v1.X.production.o
                cinit                                46       46       1C        8       0
                intentry                              4        4       40        8       0
                config                             8007     8007        2        0       4
                text67                              FB7      FB7       11     1F6E       0
                text66                              733      733       20        8       0
                text65                              EA3      EA3        1     1D46       0
                text64                              7BA      7BA       16        8       0
                text63                              46C      46C       47        8       0
                text62                              EA4      EA4        1     1D48       0
                text61                              F5D      F5D        F     1EBA       0
                text60                              66E      66E       2B        8       0
                text59                              EA5      EA5        3     1D4A       0
                text58                              F1B      F1B        C     1E36       0
                text57                              5A0      5A0       37        8       0
                text56                              52D      52D       3C        8       0
                text55                              60C      60C       34        8       0
                text54                              22F      22F       73        8       0
                text53                              314      314       6D        8       0
                text52                                2        2        1        0       0
                text51                              F6C      F6C        F     1ED8       0
                text50                              F11      F11        A     1E22       0
                text49                              F7B      F7B        F     1EF6       0
                text48                              F33      F33        E     1E66       0
                text47                              EA8      EA8        3     1D50       0
                text46                              6C3      6C3       2A        8       0
                text45                              F41      F41        E     1E82       0
                text44                              2A2      2A2       72        8       0
                text43                                3        3        1        6       0
                text42                              F8A      F8A        F     1F14       0
                text40                              ED2      ED2        9     1DA4       0
                text39                              EDB      EDB        9     1DB6       0
                text38                              EE4      EE4        9     1DC8       0
                text37                              6ED      6ED       26        8       0
                text36                              7F8      7F8        7        8       0
                text35                              789      789       19        8       0
                text34                              EED      EED        9     1DDA       0
                text33                              7A2      7A2       18        8       0
                text32                              EF6      EF6        9     1DEC       0
                text31                              FD9      FD9       13     1FB2       0
                text30                              EFF      EFF        9     1DFE       0
                text29                              FEC      FEC       14     1FD8       0
                text28                              F08      F08        9     1E10       0
                text27                              7E4      7E4       14        8       0
                text26                              EBD      EBD        4     1D7A       0
                text25                              770      770       19        8       0
                text24                              F99      F99        F     1F32       0
                text23                              EC1      EC1        5     1D82       0
                text22                              FC8      FC8       11     1F90       0
                text21                              EAB      EAB        3     1D56       0
                text20                              EAE      EAE        3     1D5C       0
                text19                              EB1      EB1        3     1D62       0
                text18                              EB4      EB4        3     1D68       0
                text17                              EB7      EB7        3     1D6E       0
                text16                              EBA      EBA        3     1D74       0
                text15                              381      381       56        8       0
                text14                              FA8      FA8        F     1F50       0
                text13                              F27      F27        C     1E4E       0
                text12                              713      713       20        8       0
                text11                              3D7      3D7       4B        8       0
                text10                              699      699       2A        8       0
                text9                               569      569       37        8       0
                text8                               4F0      4F0       3D        8       0
                text7                               5D7      5D7       35        8       0
                text6                               1BC      1BC       73        8       0
                text5                               F4F      F4F        E     1E9E       0
                text4                                62       62      15A        8       0
                text3                               4B3      4B3       3D        8       0
                text2                               7D0      7D0       14        8       0
                text1                               422      422       4A        8       0
                maintext                            640      640       2E        8       0
                cstackBANK0                          55       55       15       20       1
                cstackCOMMON                         70       70        D       70       1
                cstackBANK1                          AE       AE        A       A0       1
                clrtext                             EC6      EC6        6     1D8C       0
                inittext                            ECC      ECC        6     1D98       0
                dataBANK0                            20       20       1D       20       1
                bssBANK0                             3D       3D       18       20       1
                dataCOMMON                           7D       7D        1       70       1
                bssEEDATA                             0     F000        A    1E000       3
                nvBANK1                              A0       A0        E       A0       1
                nvBANK0                              6A       6A        2       20       1
                idataBANK0                          753      753       1D        8       0
                idataCOMMON                         7FF      7FF        1        8       0

TOTAL           Name                               Link     Load   Length     Space
        CLASS   STACK          

        CLASS   CODE           
                end_init                             44       44        2         0
                cinit                                46       46       1C         0
                intentry                              4        4       40         0
                reset_vec                             0        0        2         0
                text67                              FB7      FB7       11         0
                text66                              733      733       20         0
                text65                              EA3      EA3        1         0
                text64                              7BA      7BA       16         0
                text63                              46C      46C       47         0
                text62                              EA4      EA4        1         0
                text61                              F5D      F5D        F         0
                text60                              66E      66E       2B         0
                text59                              EA5      EA5        3         0
                text58                              F1B      F1B        C         0
                text57                              5A0      5A0       37         0
                text56                              52D      52D       3C         0
                text55                              60C      60C       34         0
                text54                              22F      22F       73         0
                text53                              314      314       6D         0
                text52                                2        2        1         0
                text51                              F6C      F6C        F         0
                text50                              F11      F11        A         0
                text49                              F7B      F7B        F         0
                text48                              F33      F33        E         0
                text47                              EA8      EA8        3         0
                text46                              6C3      6C3       2A         0
                text45                              F41      F41        E         0
                text44                              2A2      2A2       72         0
                text43                                3        3        1         0
                text42                              F8A      F8A        F         0
                text40                              ED2      ED2        9         0
                text39                              EDB      EDB        9         0
                text38                              EE4      EE4        9         0
                text37                              6ED      6ED       26         0
                text36                              7F8      7F8        7         0
                text35                              789      789       19         0
                text34                              EED      EED        9         0
                text33                              7A2      7A2       18         0
                text32                              EF6      EF6        9         0
                text31                              FD9      FD9       13         0
                text30                              EFF      EFF        9         0
                text29                              FEC      FEC       14         0
                text28                              F08      F08        9         0
                text27                              7E4      7E4       14         0
                text26                              EBD      EBD        4         0
                text25                              770      770       19         0
                text24                              F99      F99        F         0
                text23                              EC1      EC1        5         0
                text22                              FC8      FC8       11         0
                text21                              EAB      EAB        3         0
                text20                              EAE      EAE        3         0
                text19                              EB1      EB1        3         0
                text18                              EB4      EB4        3         0
                text17                              EB7      EB7        3         0
                text16                              EBA      EBA        3         0
                text15                              381      381       56         0
                text14                              FA8      FA8        F         0
                text13                              F27      F27        C         0
                text12                              713      713       20         0
                text11                              3D7      3D7       4B         0
                text10                              699      699       2A         0
                text9                               569      569       37         0
                text8                               4F0      4F0       3D         0
                text7                               5D7      5D7       35         0
                text6                               1BC      1BC       73         0
                text5                               F4F      F4F        E         0
                text4                                62       62      15A         0
                text3                               4B3      4B3       3D         0
                text2                               7D0      7D0       14         0
                text1                               422      422       4A         0
                maintext                            640      640       2E         0
                clrtext                             EC6      EC6        6         0
                inittext                            ECC      ECC        6         0
                idataBANK0                          753      753       1D         0
                idataCOMMON                         7FF      7FF        1         0

        CLASS   STRCODE        

        CLASS   STRING         

        CLASS   CONST          

        CLASS   ENTRY          

        CLASS   COMMON         
                cstackCOMMON                         70       70        D         1
                dataCOMMON                           7D       7D        1         1

        CLASS   BANK0          
                cstackBANK0                          55       55       15         1
                dataBANK0                            20       20       1D         1
                bssBANK0                             3D       3D       18         1
                nvBANK0                              6A       6A        2         1

        CLASS   BANK1          
                cstackBANK1                          AE       AE        A         1
                nvBANK1                              A0       A0        E         1

        CLASS   BANK2          

        CLASS   BANK3          

        CLASS   BANK4          

        CLASS   BANK5          

        CLASS   BANK6          

        CLASS   BANK7          

        CLASS   BANK8          

        CLASS   BANK9          

        CLASS   BANK10         

        CLASS   BANK11         

        CLASS   BANK12         

        CLASS   BIGRAM         

        CLASS   RAM            

        CLASS   ABS1           
                abs_s1                               7E       7E        2         1

        CLASS   SFR0           

        CLASS   SFR1           

        CLASS   SFR2           

        CLASS   SFR3           

        CLASS   SFR4           

        CLASS   SFR5           

        CLASS   SFR6           

        CLASS   SFR7           

        CLASS   SFR8           

        CLASS   SFR9           

        CLASS   SFR10          

        CLASS   SFR11          

        CLASS   SFR12          

        CLASS   SFR13          

        CLASS   SFR14          

        CLASS   SFR15          

        CLASS   SFR16          

        CLASS   SFR17          

        CLASS   SFR18          

        CLASS   SFR19          

        CLASS   SFR20          

        CLASS   SFR21          

        CLASS   SFR22          

        CLASS   SFR23          

        CLASS   SFR24          

        CLASS   SFR25          

        CLASS   SFR26          

        CLASS   SFR27          

        CLASS   SFR28          

        CLASS   SFR29          

        CLASS   SFR30          

        CLASS   SFR31          

        CLASS   CONFIG         
                config                             8007     8007        2         4

        CLASS   IDLOC          

        CLASS   EEDATA         
                bssEEDATA                             0     F000        A         3

        CLASS   BANK31         

        CLASS   BANK30         

        CLASS   BANK29         

        CLASS   BANK28         

        CLASS   BANK27         

        CLASS   BANK26         

        CLASS   BANK25         

        CLASS   BANK24         

        CLASS   BANK23         

        CLASS   BANK22         

        CLASS   BANK21         

        CLASS   BANK20         

        CLASS   BANK19         

        CLASS   BANK18         

        CLASS   BANK17         

        CLASS   BANK16         

        CLASS   BANK15         

        CLASS   BANK14         

        CLASS   BANK13         



SEGMENTS        Name                           Load    Length   Top    Selector   Space  Class     Delta

                text30                         000EFF  000009  000F08      1DFE       0  CODE        2
                text28                         000F08  000009  000F11      1E10       0  CODE        2
                text32                         000EF6  000009  000EFF      1DEC       0  CODE        2
                text16                         000EBA  000003  000EBD      1D74       0  CODE        2
                text26                         000EBD  000004  000EC1      1D7A       0  CODE        2
                text23                         000EC1  000005  000EC6      1D82       0  CODE        2
                text19                         000EB1  000003  000EB4      1D62       0  CODE        2
                text18                         000EB4  000003  000EB7      1D68       0  CODE        2
                text17                         000EB7  000003  000EBA      1D6E       0  CODE        2
                text39                         000EDB  000009  000EE4      1DB6       0  CODE        2
                text38                         000EE4  000009  000EED      1DC8       0  CODE        2
                text34                         000EED  000009  000EF6      1DDA       0  CODE        2
                clrtext                        000EC6  000006  000ECC      1D8C       0  CODE        2
                inittext                       000ECC  000006  000ED2      1D98       0  CODE        2
                text40                         000ED2  000009  000EDB      1DA4       0  CODE        2
                text50                         000F11  00000A  000F1B      1E22       0  CODE        2
                text48                         000F33  00000E  000F41      1E66       0  CODE        2
                text13                         000F27  00000C  000F33      1E4E       0  CODE        2
                reset_vec                      000000  000003  000003         0       0  CODE        2
                text45                         000F41  00000E  000F4F      1E82       0  CODE        2
                text58                         000F1B  00000C  000F27      1E36       0  CODE        2
                text20                         000EAE  000003  000EB1      1D5C       0  CODE        2
                text62                         000EA4  000001  000EA5      1D48       0  CODE        2
                text65                         000EA3  000001  000EA4      1D46       0  CODE        2
                text43                         000003  000001  000004         6       0  CODE        2
                text47                         000EA8  000003  000EAB      1D50       0  CODE        2
                text59                         000EA5  000003  000EA8      1D4A       0  CODE        2
                text21                         000EAB  000003  000EAE      1D56       0  CODE        2
                nvBANK1                        0000A0  000018  0000B8        A0       1  BANK1       1
                dataBANK0                      000020  00004C  00006C        20       1  BANK0       1
                intentry                       000004  0007FC  000800         8       0  CODE        2
                cstackCOMMON                   000070  00000E  00007E        70       1  COMMON      1
                bssEEDATA                      00F000  00000A  00F00A     1E000       3  EEDATA      2
                text49                         000F7B  00000F  000F8A      1EF6       0  CODE        2
                text42                         000F8A  00000F  000F99      1F14       0  CODE        2
                text24                         000F99  00000F  000FA8      1F32       0  CODE        2
                text5                          000F4F  00000E  000F5D      1E9E       0  CODE        2
                text61                         000F5D  00000F  000F6C      1EBA       0  CODE        2
                text51                         000F6C  00000F  000F7B      1ED8       0  CODE        2
                text14                         000FA8  00000F  000FB7      1F50       0  CODE        2
                text29                         000FEC  000014  001000      1FD8       0  CODE        2
                text67                         000FB7  000011  000FC8      1F6E       0  CODE        2
                text22                         000FC8  000011  000FD9      1F90       0  CODE        2
                text31                         000FD9  000013  000FEC      1FB2       0  CODE        2


UNUSED ADDRESS RANGES

        Name                Unused          Largest block    Delta
        BANK0            0006C-0006F               4           1
        BANK1            000B8-000EF              38           1
        BANK10           00520-0056F              50           1
        BANK11           005A0-005EF              50           1
        BANK12           00620-0064F              30           1
        BANK2            00120-0016F              50           1
        BANK3            001A0-001EF              50           1
        BANK4            00220-0026F              50           1
        BANK5            002A0-002EF              50           1
        BANK6            00320-0036F              50           1
        BANK7            003A0-003EF              50           1
        BANK8            00420-0046F              50           1
        BANK9            004A0-004EF              50           1
        BIGRAM           02000-023EF             3F0           1
        CODE             00800-00EA2             6A3           2
                         01000-01FFF             800
        CONST            00800-00EA2             100           2
                         01000-01FFF             100
        EEDATA           0F00A-0F0FF              F6           2
        ENTRY            00800-00EA2             100           2
                         01000-01FFF             100
        IDLOC            08000-08003               4           2
        RAM              0006C-0006F               4           1
                         000B8-000EF              38
                         00120-0016F              50
                         001A0-001EF              50
                         00220-0026F              50
                         002A0-002EF              50
                         00320-0036F              50
                         003A0-003EF              50
                         00420-0046F              50
                         004A0-004EF              50
                         00520-0056F              50
                         005A0-005EF              50
                         00620-0064F              30
        SFR0             00000-0001F              20           1
        SFR1             00080-0009F              20           1
        SFR10            00500-0051F              20           1
        SFR11            00580-0059F              20           1
        SFR12            00600-0061F              20           1
        SFR13            00680-006EF              70           1
        SFR14            00700-0076F              70           1
        SFR15            00780-007EF              70           1
        SFR16            00800-0086F              70           1
        SFR17            00880-008EF              70           1
        SFR18            00900-0096F              70           1
        SFR19            00980-009EF              70           1
        SFR2             00100-0011F              20           1
        SFR20            00A00-00A6F              70           1
        SFR21            00A80-00AEF              70           1
        SFR22            00B00-00B6F              70           1
        SFR23            00B80-00BEF              70           1
        SFR24            00C00-00C6F              70           1
        SFR25            00C80-00CEF              70           1
        SFR26            00D00-00D6F              70           1
        SFR27            00D80-00DEF              70           1
        SFR28            00E00-00E6F              70           1
        SFR29            00E80-00EEF              70           1
        SFR3             00180-0019F              20           1
        SFR30            00F00-00F6F              70           1
        SFR31            00F80-00FEF              70           1
        SFR4             00200-0021F              20           1
        SFR5             00280-0029F              20           1
        SFR6             00300-0031F              20           1
        SFR7             00380-0039F              20           1
        SFR8             00400-0041F              20           1
        SFR9             00480-0049F              20           1
        STACK            02068-023EF             388           1
        STRCODE          00800-00EA2             6A3           2
                         01000-01FFF            1000
        STRING           00800-00EA2             100           2
                         01000-01FFF             100

                                  Symbol Table

?___eetoi                                      cstackBANK0  0005F
?___lwdiv                                      cstackBANK0  00059
?___lwmod                                      cstackBANK0  00059
?___wmul                                       cstackBANK0  00059
?_get_display_value                            cstackBANK0  0005F
?i1___lwdiv                                    cstackCOMMON 00070
?i1___lwmod                                    cstackCOMMON 00070
EUSART_SetErrorHandler@interruptHandler        cstackBANK0  00059
EUSART_SetFramingErrorHandler@interruptHandler cstackBANK0  00059
EUSART_SetOverrunErrorHandler@interruptHandler cstackBANK0  00059
EUSART_Write@txData                            cstackCOMMON 00070
RX_Command@buffer                              cstackBANK0  0005A
TMR1_SetInterruptHandler@InterruptHandler      cstackBANK0  00059
TMR1_WriteTimer@timerVal                       cstackCOMMON 00070
TMR2_SetInterruptHandler@InterruptHandler      cstackBANK0  00059
TMR4_SetInterruptHandler@InterruptHandler      cstackBANK0  00059
TMR6_SetInterruptHandler@InterruptHandler      cstackBANK0  00059
TX_Command@txData                              cstackCOMMON 00071
_ANSELA                                        (abs)        0018C
_ANSELB                                        (abs)        0018D
_ANSELC                                        (abs)        0018E
_APFCON0                                       (abs)        0011D
_APFCON1                                       (abs)        0011E
_BAUDCON                                       (abs)        0019F
_BORCON                                        (abs)        00116
_EEADR                                         (abs)        00191
_EECON1                                        (abs)        00195
_EECON1bits                                    (abs)        00195
_EECON2                                        (abs)        00196
_EEDATA                                        (abs)        00193
_EUSART_DefaultErrorHandler                    (abs)        00000
_EUSART_DefaultFramingErrorHandler             (abs)        00000
_EUSART_DefaultOverrunErrorHandler             (abs)        00000
_EUSART_ErrorHandler                           nvBANK1      000A8
_EUSART_FramingErrorHandler                    nvBANK1      000AC
_EUSART_Initialize                             text37       006ED
_EUSART_OverrunErrorHandler                    nvBANK1      000AA
_EUSART_Read                                   text24       00F99
_EUSART_SetErrorHandler                        text40       00ED2
_EUSART_SetFramingErrorHandler                 text39       00EDB
_EUSART_SetOverrunErrorHandler                 text38       00EE4
_EUSART_Write                                  text50       00F11
_EUSART_is_rx_ready                            text23       00EC1
_EUSART_is_tx_ready                            text49       00F7B
_EUSART_is_tx_ready$262                        cstackCOMMON 00070
_INTCONbits                                    (abs)        0000B
_INTERRUPT_InterruptManager                    intentry     00004
_LATA                                          (abs)        0010C
_LATAbits                                      (abs)        0010C
_LATB                                          (abs)        0010D
_LATBbits                                      (abs)        0010D
_LATC                                          (abs)        0010E
_OPTION_REGbits                                (abs)        00095
_OSCCON                                        (abs)        00099
_OSCILLATOR_Initialize                         text36       007F8
_OSCTUNE                                       (abs)        00098
_PIE1bits                                      (abs)        00091
_PIE3bits                                      (abs)        00093
_PIN_MANAGER_Initialize                        text35       00789
_PIR1bits                                      (abs)        00011
_PIR3bits                                      (abs)        00013
_PR2                                           (abs)        0001B
_PR4                                           (abs)        00416
_PR6                                           (abs)        0041D
_RCREG                                         (abs)        00199
_RCSTA                                         (abs)        0019D
_RCSTAbits                                     (abs)        0019D
_RX_Command                                    text22       00FC8
_SPBRGH                                        (abs)        0019C
_SPBRGL                                        (abs)        0019B
_STATUSbits                                    (abs)        00003
_SYSTEM_Initialize                             text25       00770
_T1CON                                         (abs)        00018
_T1CONbits                                     (abs)        00018
_T1GCON                                        (abs)        00019
_T1GCONbits                                    (abs)        00019
_T2CON                                         (abs)        0001C
_T2CONbits                                     (abs)        0001C
_T4CON                                         (abs)        00417
_T4CONbits                                     (abs)        00417
_T6CON                                         (abs)        0041E
_T6CONbits                                     (abs)        0041E
_TMR1H                                         (abs)        00017
_TMR1L                                         (abs)        00016
_TMR1_DefaultInterruptHandler                  text65       00EA3
_TMR1_ISR                                      text64       007BA
_TMR1_Initialize                               text33       007A2
_TMR1_InterruptHandler                         nvBANK1      000A6
_TMR1_SetInterruptHandler                      text34       00EED
_TMR1_WriteTimer                               text67       00FB7
_TMR2                                          (abs)        0001A
_TMR2_DefaultInterruptHandler                  text62       00EA4
_TMR2_ISR                                      text61       00F5D
_TMR2_Initialize                               text31       00FD9
_TMR2_InterruptHandler                         nvBANK1      000A4
_TMR2_SetInterruptHandler                      text32       00EF6
_TMR2_StartTimer                               text21       00EAB
_TMR2_StopTimer                                text20       00EAE
_TMR4                                          (abs)        00415
_TMR4_DefaultInterruptHandler                  text52       00002
_TMR4_ISR                                      text51       00F6C
_TMR4_Initialize                               text29       00FEC
_TMR4_InterruptHandler                         nvBANK1      000A2
_TMR4_SetInterruptHandler                      text30       00EFF
_TMR4_StartTimer                               text19       00EB1
_TMR4_StopTimer                                text18       00EB4
_TMR6                                          (abs)        0041C
_TMR6_DefaultInterruptHandler                  text43       00003
_TMR6_ISR                                      text42       00F8A
_TMR6_Initialize                               text27       007E4
_TMR6_InterruptHandler                         nvBANK1      000A0
_TMR6_SetInterruptHandler                      text28       00F08
_TMR6_StartTimer                               text17       00EB7
_TMR6_StopTimer                                text16       00EBA
_TRISA                                         (abs)        0008C
_TRISB                                         (abs)        0008D
_TRISC                                         (abs)        0008E
_TXREG                                         (abs)        0019A
_TXSTA                                         (abs)        0019E
_TXSTAbits                                     (abs)        0019E
_TX_Command                                    text48       00F33
_WDTCON                                        (abs)        00097
_WDT_Initialize                                text26       00EBD
_WPUA                                          (abs)        0020C
_WPUB                                          (abs)        0020D
_WPUC                                          (abs)        0020E
__Habs1                                        abs1         00000
__Hbank0                                       bank0        00000
__Hbank1                                       bank1        00000
__Hbank10                                      bank10       00000
__Hbank11                                      bank11       00000
__Hbank12                                      bank12       00000
__Hbank13                                      bank13       00000
__Hbank14                                      bank14       00000
__Hbank15                                      bank15       00000
__Hbank16                                      bank16       00000
__Hbank17                                      bank17       00000
__Hbank18                                      bank18       00000
__Hbank19                                      bank19       00000
__Hbank2                                       bank2        00000
__Hbank20                                      bank20       00000
__Hbank21                                      bank21       00000
__Hbank22                                      bank22       00000
__Hbank23                                      bank23       00000
__Hbank24                                      bank24       00000
__Hbank25                                      bank25       00000
__Hbank26                                      bank26       00000
__Hbank27                                      bank27       00000
__Hbank28                                      bank28       00000
__Hbank29                                      bank29       00000
__Hbank3                                       bank3        00000
__Hbank30                                      bank30       00000
__Hbank31                                      bank31       00000
__Hbank4                                       bank4        00000
__Hbank5                                       bank5        00000
__Hbank6                                       bank6        00000
__Hbank7                                       bank7        00000
__Hbank8                                       bank8        00000
__Hbank9                                       bank9        00000
__Hbigram                                      bigram       00000
__HbssBANK0                                    bssBANK0     00000
__HbssEEDATA                                   bssEEDATA    00000
__Hcinit                                       cinit        00062
__Hclrtext                                     clrtext      00000
__Hcode                                        code         00000
__Hcommon                                      common       00000
__Hconfig                                      config       08009
__HcstackBANK0                                 cstackBANK0  00000
__HcstackBANK1                                 cstackBANK1  00000
__HcstackCOMMON                                cstackCOMMON 00000
__HdataBANK0                                   dataBANK0    00000
__HdataCOMMON                                  dataCOMMON   00000
__Heeprom_data                                 eeprom_data  00000
__Hend_init                                    end_init     00046
__Hfunctab                                     functab      00000
__HidataBANK0                                  idataBANK0   00000
__HidataCOMMON                                 idataCOMMON  00000
__Hinit                                        init         00044
__Hinittext                                    inittext     00000
__Hintentry                                    intentry     00044
__Hmaintext                                    maintext     00000
__HnvBANK0                                     nvBANK0      00000
__HnvBANK1                                     nvBANK1      00000
__Hpowerup                                     powerup      00000
__Hram                                         ram          00000
__Hreset_vec                                   reset_vec    00002
__Hsfr0                                        sfr0         00000
__Hsfr1                                        sfr1         00000
__Hsfr10                                       sfr10        00000
__Hsfr11                                       sfr11        00000
__Hsfr12                                       sfr12        00000
__Hsfr13                                       sfr13        00000
__Hsfr14                                       sfr14        00000
__Hsfr15                                       sfr15        00000
__Hsfr16                                       sfr16        00000
__Hsfr17                                       sfr17        00000
__Hsfr18                                       sfr18        00000
__Hsfr19                                       sfr19        00000
__Hsfr2                                        sfr2         00000
__Hsfr20                                       sfr20        00000
__Hsfr21                                       sfr21        00000
__Hsfr22                                       sfr22        00000
__Hsfr23                                       sfr23        00000
__Hsfr24                                       sfr24        00000
__Hsfr25                                       sfr25        00000
__Hsfr26                                       sfr26        00000
__Hsfr27                                       sfr27        00000
__Hsfr28                                       sfr28        00000
__Hsfr29                                       sfr29        00000
__Hsfr3                                        sfr3         00000
__Hsfr30                                       sfr30        00000
__Hsfr31                                       sfr31        00000
__Hsfr4                                        sfr4         00000
__Hsfr5                                        sfr5         00000
__Hsfr6                                        sfr6         00000
__Hsfr7                                        sfr7         00000
__Hsfr8                                        sfr8         00000
__Hsfr9                                        sfr9         00000
__Hspace_0                                     (abs)        01000
__Hspace_1                                     (abs)        000B8
__Hspace_2                                     (abs)        00000
__Hspace_3                                     (abs)        0000A
__Hspace_4                                     (abs)        10010
__Hstack                                       stack        00000
__Hstrings                                     strings      00000
__Htext                                        text         00000
__Labs1                                        abs1         00000
__Lbank0                                       bank0        00000
__Lbank1                                       bank1        00000
__Lbank10                                      bank10       00000
__Lbank11                                      bank11       00000
__Lbank12                                      bank12       00000
__Lbank13                                      bank13       00000
__Lbank14                                      bank14       00000
__Lbank15                                      bank15       00000
__Lbank16                                      bank16       00000
__Lbank17                                      bank17       00000
__Lbank18                                      bank18       00000
__Lbank19                                      bank19       00000
__Lbank2                                       bank2        00000
__Lbank20                                      bank20       00000
__Lbank21                                      bank21       00000
__Lbank22                                      bank22       00000
__Lbank23                                      bank23       00000
__Lbank24                                      bank24       00000
__Lbank25                                      bank25       00000
__Lbank26                                      bank26       00000
__Lbank27                                      bank27       00000
__Lbank28                                      bank28       00000
__Lbank29                                      bank29       00000
__Lbank3                                       bank3        00000
__Lbank30                                      bank30       00000
__Lbank31                                      bank31       00000
__Lbank4                                       bank4        00000
__Lbank5                                       bank5        00000
__Lbank6                                       bank6        00000
__Lbank7                                       bank7        00000
__Lbank8                                       bank8        00000
__Lbank9                                       bank9        00000
__Lbigram                                      bigram       00000
__LbssBANK0                                    bssBANK0     00000
__LbssEEDATA                                   bssEEDATA    00000
__Lcinit                                       cinit        00046
__Lclrtext                                     clrtext      00000
__Lcode                                        code         00000
__Lcommon                                      common       00000
__Lconfig                                      config       00000
__LcstackBANK0                                 cstackBANK0  00000
__LcstackBANK1                                 cstackBANK1  00000
__LcstackCOMMON                                cstackCOMMON 00000
__LdataBANK0                                   dataBANK0    00000
__LdataCOMMON                                  dataCOMMON   00000
__Leeprom_data                                 eeprom_data  00000
__Lend_init                                    end_init     00044
__Lfunctab                                     functab      00000
__LidataBANK0                                  idataBANK0   00000
__LidataCOMMON                                 idataCOMMON  00000
__Linit                                        init         00044
__Linittext                                    inittext     00000
__Lintentry                                    intentry     00004
__Lmaintext                                    maintext     00000
__LnvBANK0                                     nvBANK0      00000
__LnvBANK1                                     nvBANK1      00000
__Lpowerup                                     powerup      00000
__Lram                                         ram          00000
__Lreset_vec                                   reset_vec    00000
__Lsfr0                                        sfr0         00000
__Lsfr1                                        sfr1         00000
__Lsfr10                                       sfr10        00000
__Lsfr11                                       sfr11        00000
__Lsfr12                                       sfr12        00000
__Lsfr13                                       sfr13        00000
__Lsfr14                                       sfr14        00000
__Lsfr15                                       sfr15        00000
__Lsfr16                                       sfr16        00000
__Lsfr17                                       sfr17        00000
__Lsfr18                                       sfr18        00000
__Lsfr19                                       sfr19        00000
__Lsfr2                                        sfr2         00000
__Lsfr20                                       sfr20        00000
__Lsfr21                                       sfr21        00000
__Lsfr22                                       sfr22        00000
__Lsfr23                                       sfr23        00000
__Lsfr24                                       sfr24        00000
__Lsfr25                                       sfr25        00000
__Lsfr26                                       sfr26        00000
__Lsfr27                                       sfr27        00000
__Lsfr28                                       sfr28        00000
__Lsfr29                                       sfr29        00000
__Lsfr3                                        sfr3         00000
__Lsfr30                                       sfr30        00000
__Lsfr31                                       sfr31        00000
__Lsfr4                                        sfr4         00000
__Lsfr5                                        sfr5         00000
__Lsfr6                                        sfr6         00000
__Lsfr7                                        sfr7         00000
__Lsfr8                                        sfr8         00000
__Lsfr9                                        sfr9         00000
__Lspace_0                                     (abs)        00000
__Lspace_1                                     (abs)        00000
__Lspace_2                                     (abs)        00000
__Lspace_3                                     (abs)        00000
__Lspace_4                                     (abs)        00000
__Lstack                                       stack        00000
__Lstrings                                     strings      00000
__Ltext                                        text         00000
__S0                                           (abs)        01000
__S1                                           (abs)        000B8
__S2                                           (abs)        00000
__S3                                           (abs)        0F00A
___eecpymem                                    text3        004B3
___eecpymem@cp                                 cstackBANK0  0005D
___eecpymem@from                               cstackBANK0  00059
___eecpymem@size                               cstackBANK0  0005A
___eecpymem@to                                 cstackBANK0  0005E
___eetoi                                       text2        007D0
___eetoi@addr                                  cstackBANK0  00063
___eetoi@data                                  cstackBANK0  00064
___int_sp                                      stack        00000
___itoee                                       text14       00FA8
___itoee@addr                                  cstackBANK0  00063
___itoee@data                                  cstackBANK0  0005F
___latbits                                     (abs)        00002
___lwdiv                                       text8        004F0
___lwdiv@counter                               cstackBANK0  00060
___lwdiv@dividend                              cstackBANK0  0005B
___lwdiv@divisor                               cstackBANK0  00059
___lwdiv@quotient                              cstackBANK0  0005E
___lwmod                                       text7        005D7
___lwmod@counter                               cstackBANK0  0005E
___lwmod@dividend                              cstackBANK0  0005B
___lwmod@divisor                               cstackBANK0  00059
___memcpyee                                    text15       00381
___memcpyee@from                               cstackBANK0  00059
___memcpyee@ptr                                cstackBANK0  0005D
___memcpyee@size                               cstackBANK0  0005A
___memcpyee@to                                 cstackBANK0  0005E
___sp                                          stack        00000
___stackhi                                     (abs)        023EF
___stacklo                                     (abs)        02068
___wmul                                        text12       00713
___wmul@multiplicand                           cstackBANK0  0005B
___wmul@multiplier                             cstackBANK0  00059
___wmul@product                                cstackBANK0  0005D
__end_of_EUSART_Initialize                     text37       00713
__end_of_EUSART_Read                           text24       00FA8
__end_of_EUSART_SetErrorHandler                text40       00EDB
__end_of_EUSART_SetFramingErrorHandler         text39       00EE4
__end_of_EUSART_SetOverrunErrorHandler         text38       00EED
__end_of_EUSART_Write                          text50       00F1B
__end_of_EUSART_is_rx_ready                    text23       00EC6
__end_of_EUSART_is_tx_ready                    text49       00F8A
__end_of_INTERRUPT_InterruptManager            intentry     00044
__end_of_OSCILLATOR_Initialize                 text36       007FF
__end_of_PIN_MANAGER_Initialize                text35       007A2
__end_of_RX_Command                            text22       00FD9
__end_of_SYSTEM_Initialize                     text25       00789
__end_of_TMR1_DefaultInterruptHandler          text65       00EA4
__end_of_TMR1_ISR                              text64       007D0
__end_of_TMR1_Initialize                       text33       007BA
__end_of_TMR1_SetInterruptHandler              text34       00EF6
__end_of_TMR1_WriteTimer                       text67       00FC8
__end_of_TMR2_DefaultInterruptHandler          text62       00EA5
__end_of_TMR2_ISR                              text61       00F6C
__end_of_TMR2_Initialize                       text31       00FEC
__end_of_TMR2_SetInterruptHandler              text32       00EFF
__end_of_TMR2_StartTimer                       text21       00EAE
__end_of_TMR2_StopTimer                        text20       00EB1
__end_of_TMR4_DefaultInterruptHandler          text52       00003
__end_of_TMR4_ISR                              text51       00F7B
__end_of_TMR4_Initialize                       text29       01000
__end_of_TMR4_SetInterruptHandler              text30       00F08
__end_of_TMR4_StartTimer                       text19       00EB4
__end_of_TMR4_StopTimer                        text18       00EB7
__end_of_TMR6_DefaultInterruptHandler          text43       00004
__end_of_TMR6_ISR                              text42       00F99
__end_of_TMR6_Initialize                       text27       007F8
__end_of_TMR6_SetInterruptHandler              text28       00F11
__end_of_TMR6_StartTimer                       text17       00EBA
__end_of_TMR6_StopTimer                        text16       00EBD
__end_of_TX_Command                            text48       00F41
__end_of_WDT_Initialize                        text26       00EC1
__end_of___eecpymem                            text3        004F0
__end_of___eetoi                               text2        007E4
__end_of___itoee                               text14       00FB7
__end_of___lwdiv                               text8        0052D
__end_of___lwmod                               text7        0060C
__end_of___memcpyee                            text15       003D7
__end_of___wmul                                text12       00733
__end_of__initialization                       cinit        0005E
__end_of_blink_digit                           text66       00753
__end_of_decrease_digit                        text60       00699
__end_of_decrease_num                          text53       00381
__end_of_display_refresh                       text63       004B3
__end_of_end_select_digit                      text13       00F33
__end_of_get_display_value                     text11       00422
__end_of_handle_received_commands              text4        001BC
__end_of_increase_digit                        text10       006C3
__end_of_increase_num_automatic                text44       00314
__end_of_init_digit                            text1        0046C
__end_of_main                                  maintext     0066E
__end_of_select_digit                          text9        005A0
__end_of_set_display_value                     text6        0022F
__end_of_set_display_value_manual              text5        00F5D
__end_ofi1_TMR4_StopTimer                      text59       00EA8
__end_ofi1_TMR6_StopTimer                      text47       00EAB
__end_ofi1___lwdiv                             text56       00569
__end_ofi1___lwmod                             text55       00640
__end_ofi1_end_select_digit                    text58       00F27
__end_ofi1_increase_digit                      text46       006ED
__end_ofi1_select_digit                        text57       005D7
__end_ofi1_set_display_value                   text54       002A2
__end_ofi1_set_display_value_manual            text45       00F4F
__initialization                               cinit        00046
__pbssBANK0                                    bssBANK0     0003D
__pbssEEDATA                                   bssEEDATA    00000
__pcstackBANK0                                 cstackBANK0  00055
__pcstackBANK1                                 cstackBANK1  000AE
__pcstackCOMMON                                cstackCOMMON 00070
__pdataBANK0                                   dataBANK0    00020
__pdataCOMMON                                  dataCOMMON   0007D
__pidataBANK0                                  idataBANK0   00753
__pidataCOMMON                                 idataCOMMON  007FF
__pintentry                                    intentry     00004
__pmaintext                                    maintext     00640
__pnvBANK0                                     nvBANK0      0006A
__pnvBANK1                                     nvBANK1      000A0
__ptext1                                       text1        00422
__ptext10                                      text10       00699
__ptext11                                      text11       003D7
__ptext12                                      text12       00713
__ptext13                                      text13       00F27
__ptext14                                      text14       00FA8
__ptext15                                      text15       00381
__ptext16                                      text16       00EBA
__ptext17                                      text17       00EB7
__ptext18                                      text18       00EB4
__ptext19                                      text19       00EB1
__ptext2                                       text2        007D0
__ptext20                                      text20       00EAE
__ptext21                                      text21       00EAB
__ptext22                                      text22       00FC8
__ptext23                                      text23       00EC1
__ptext24                                      text24       00F99
__ptext25                                      text25       00770
__ptext26                                      text26       00EBD
__ptext27                                      text27       007E4
__ptext28                                      text28       00F08
__ptext29                                      text29       00FEC
__ptext3                                       text3        004B3
__ptext30                                      text30       00EFF
__ptext31                                      text31       00FD9
__ptext32                                      text32       00EF6
__ptext33                                      text33       007A2
__ptext34                                      text34       00EED
__ptext35                                      text35       00789
__ptext36                                      text36       007F8
__ptext37                                      text37       006ED
__ptext38                                      text38       00EE4
__ptext39                                      text39       00EDB
__ptext4                                       text4        00062
__ptext40                                      text40       00ED2
__ptext42                                      text42       00F8A
__ptext43                                      text43       00003
__ptext44                                      text44       002A2
__ptext45                                      text45       00F41
__ptext46                                      text46       006C3
__ptext47                                      text47       00EA8
__ptext48                                      text48       00F33
__ptext49                                      text49       00F7B
__ptext5                                       text5        00F4F
__ptext50                                      text50       00F11
__ptext51                                      text51       00F6C
__ptext52                                      text52       00002
__ptext53                                      text53       00314
__ptext54                                      text54       0022F
__ptext55                                      text55       0060C
__ptext56                                      text56       0052D
__ptext57                                      text57       005A0
__ptext58                                      text58       00F1B
__ptext59                                      text59       00EA5
__ptext6                                       text6        001BC
__ptext60                                      text60       0066E
__ptext61                                      text61       00F5D
__ptext62                                      text62       00EA4
__ptext63                                      text63       0046C
__ptext64                                      text64       007BA
__ptext65                                      text65       00EA3
__ptext66                                      text66       00733
__ptext67                                      text67       00FB7
__ptext7                                       text7        005D7
__ptext8                                       text8        004F0
__ptext9                                       text9        00569
__size_of_EUSART_Initialize                    (abs)        00000
__size_of_EUSART_Read                          (abs)        00000
__size_of_EUSART_SetErrorHandler               (abs)        00000
__size_of_EUSART_SetFramingErrorHandler        (abs)        00000
__size_of_EUSART_SetOverrunErrorHandler        (abs)        00000
__size_of_EUSART_Write                         (abs)        00000
__size_of_EUSART_is_rx_ready                   (abs)        00000
__size_of_EUSART_is_tx_ready                   (abs)        00000
__size_of_INTERRUPT_InterruptManager           (abs)        00000
__size_of_OSCILLATOR_Initialize                (abs)        00000
__size_of_PIN_MANAGER_Initialize               (abs)        00000
__size_of_RX_Command                           (abs)        00000
__size_of_SYSTEM_Initialize                    (abs)        00000
__size_of_TMR1_DefaultInterruptHandler         (abs)        00000
__size_of_TMR1_ISR                             (abs)        00000
__size_of_TMR1_Initialize                      (abs)        00000
__size_of_TMR1_SetInterruptHandler             (abs)        00000
__size_of_TMR1_WriteTimer                      (abs)        00000
__size_of_TMR2_DefaultInterruptHandler         (abs)        00000
__size_of_TMR2_ISR                             (abs)        00000
__size_of_TMR2_Initialize                      (abs)        00000
__size_of_TMR2_SetInterruptHandler             (abs)        00000
__size_of_TMR2_StartTimer                      (abs)        00000
__size_of_TMR2_StopTimer                       (abs)        00000
__size_of_TMR4_DefaultInterruptHandler         (abs)        00000
__size_of_TMR4_ISR                             (abs)        00000
__size_of_TMR4_Initialize                      (abs)        00000
__size_of_TMR4_SetInterruptHandler             (abs)        00000
__size_of_TMR4_StartTimer                      (abs)        00000
__size_of_TMR4_StopTimer                       (abs)        00000
__size_of_TMR6_DefaultInterruptHandler         (abs)        00000
__size_of_TMR6_ISR                             (abs)        00000
__size_of_TMR6_Initialize                      (abs)        00000
__size_of_TMR6_SetInterruptHandler             (abs)        00000
__size_of_TMR6_StartTimer                      (abs)        00000
__size_of_TMR6_StopTimer                       (abs)        00000
__size_of_TX_Command                           (abs)        00000
__size_of_WDT_Initialize                       (abs)        00000
__size_of___eecpymem                           (abs)        00000
__size_of___eetoi                              (abs)        00000
__size_of___itoee                              (abs)        00000
__size_of___lwdiv                              (abs)        00000
__size_of___lwmod                              (abs)        00000
__size_of___memcpyee                           (abs)        00000
__size_of___wmul                               (abs)        00000
__size_of_blink_digit                          (abs)        00000
__size_of_decrease_digit                       (abs)        00000
__size_of_decrease_num                         (abs)        00000
__size_of_display_refresh                      (abs)        00000
__size_of_end_select_digit                     (abs)        00000
__size_of_get_display_value                    (abs)        00000
__size_of_handle_received_commands             (abs)        00000
__size_of_increase_digit                       (abs)        00000
__size_of_increase_num_automatic               (abs)        00000
__size_of_init_digit                           (abs)        00000
__size_of_main                                 (abs)        00000
__size_of_select_digit                         (abs)        00000
__size_of_set_display_value                    (abs)        00000
__size_of_set_display_value_manual             (abs)        00000
__size_ofi1_TMR4_StopTimer                     (abs)        00000
__size_ofi1_TMR6_StopTimer                     (abs)        00000
__size_ofi1___lwdiv                            (abs)        00000
__size_ofi1___lwmod                            (abs)        00000
__size_ofi1_end_select_digit                   (abs)        00000
__size_ofi1_increase_digit                     (abs)        00000
__size_ofi1_select_digit                       (abs)        00000
__size_ofi1_set_display_value                  (abs)        00000
__size_ofi1_set_display_value_manual           (abs)        00000
_blink_digit                                   text66       00733
_decrease_digit                                text60       0066E
_decrease_num                                  text53       00314
_display_refresh                               text63       0046C
_end_select_digit                              text13       00F27
_eusartRxLastError                             bssBANK0     00054
_g_7seg_table                                  dataBANK0    00020
_g_dahegan                                     dataBANK0    00035
_g_decrease_delay                              dataBANK0    0002E
_g_increase_delay                              dataBANK0    0002C
_g_mass                                        bssBANK0     00047
_g_memory_mass                                 bssBANK0     0003D
_g_sadegan                                     dataBANK0    00031
_g_setted_value                                bssBANK0     00049
_g_time_ms                                     dataBANK0    0002A
_g_time_ms_backup                              bssBANK0     00045
_g_yekan                                       dataBANK0    00039
_ge_memory_mass                                bssEEDATA    00000
_ge_time_ms                                    bssEEDATA    00008
_get_display_value                             text11       003D7
_gp_selected_digit                             bssBANK0     00052
_handle_received_commands                      text4        00062
_increase_digit                                text10       00699
_increase_num_automatic                        text44       002A2
_init_digit                                    text1        00422
_main                                          maintext     00640
_middle_line_7seg                              dataCOMMON   0007D
_select_digit                                  text9        00569
_set_display_value                             text6        001BC
_set_display_value_manual                      text5        00F4F
_timer1ReloadVal                               nvBANK0      0006A
blink_digit@blink_counter                      bssBANK0     00051
btemp                                          (abs)        0007E
clear_ram0                                     clrtext      00EC6
decrease_num@tmr4_counter                      bssBANK0     0004F
display_refresh@pos                            dataBANK0    00030
end_of_initialization                          cinit        0005E
end_select_digit@buffer                        cstackBANK0  0005A
handle_received_commands@rxData                bssBANK0     00050
i1_TMR4_StopTimer                              text59       00EA5
i1_TMR6_StopTimer                              text47       00EA8
i1___lwdiv                                     text56       0052D
i1___lwdiv@counter                             cstackCOMMON 00077
i1___lwdiv@dividend                            cstackCOMMON 00072
i1___lwdiv@divisor                             cstackCOMMON 00070
i1___lwdiv@quotient                            cstackCOMMON 00075
i1___lwmod                                     text55       0060C
i1___lwmod@counter                             cstackCOMMON 00075
i1___lwmod@dividend                            cstackCOMMON 00072
i1___lwmod@divisor                             cstackCOMMON 00070
i1_end_select_digit                            text58       00F1B
i1_increase_digit                              text46       006C3
i1_select_digit                                text57       005A0
i1_set_display_value                           text54       0022F
i1_set_display_value_manual                    text45       00F41
i1end_select_digit@buffer                      cstackCOMMON 00071
i1select_digit@buffer                          cstackCOMMON 00072
i1set_display_value@buffer                     cstackBANK0  00055
i1set_display_value@value                      cstackCOMMON 00078
increase_num_automatic@tmr6_counter            bssBANK0     0004E
increase_num_manual@tmr6_counter               bssBANK0     0004D
init_digit@i                                   cstackBANK0  00067
init_ram                                       inittext     00ECC
int$flags                                      (abs)        0007E
intlevel0                                      functab      00000
intlevel1                                      functab      00000
intlevel2                                      functab      00000
intlevel3                                      functab      00000
intlevel4                                      functab      00000
intlevel5                                      functab      00000
reset_vec                                      reset_vec    00000
select_digit@buffer                            cstackBANK0  0005B
set_display_value@buffer                       cstackBANK0  00066
set_display_value@value                        cstackBANK0  00061
start                                          init         00044
start_initialization                           cinit        00046
wtemp0                                         (abs)        0007E


MODULE INFORMATION

Module		Function		Class		Link	Load	Size
/opt/microchip/xc8/v2.32/pic/sources/c99/common/Umul16.c
		___wmul        		CODE           	0713	0000	32

/opt/microchip/xc8/v2.32/pic/sources/c99/common/Umul16.c estimated size: 32

mcc_generated_files/tmr6.c
		_TMR6_StartTimer		CODE           	0EB7	0000	3
		_TMR6_ISR      		CODE           	0F8A	0000	15
		_TMR6_Initialize		CODE           	07E4	0000	20
		_TMR6_SetInterruptHandler		CODE           	0F08	0000	9
		_TMR6_StopTimer		CODE           	0EBA	0000	3
		_TMR6_DefaultInterruptHandler		CODE           	0003	0000	1

mcc_generated_files/tmr6.c estimated size: 51

mcc_generated_files/tmr4.c
		_TMR4_ISR      		CODE           	0F6C	0000	15
		_TMR4_Initialize		CODE           	0FEC	0000	20
		_TMR4_SetInterruptHandler		CODE           	0EFF	0000	9
		_TMR4_StopTimer		CODE           	0EB4	0000	3
		_TMR4_DefaultInterruptHandler		CODE           	0002	0000	1
		_TMR4_StartTimer		CODE           	0EB1	0000	3

mcc_generated_files/tmr4.c estimated size: 51

mcc_generated_files/tmr2.c
		_TMR2_ISR      		CODE           	0F5D	0000	15
		_TMR2_Initialize		CODE           	0FD9	0000	19
		_TMR2_SetInterruptHandler		CODE           	0EF6	0000	9
		_TMR2_StopTimer		CODE           	0EAE	0000	3
		_TMR2_DefaultInterruptHandler		CODE           	0EA4	0000	1
		_TMR2_StartTimer		CODE           	0EAB	0000	3

mcc_generated_files/tmr2.c estimated size: 50

mcc_generated_files/interrupt_manager.c
		_INTERRUPT_InterruptManager		CODE           	0004	0000	64

mcc_generated_files/interrupt_manager.c estimated size: 64

mcc_generated_files/pin_manager.c
		_PIN_MANAGER_Initialize		CODE           	0789	0000	25

mcc_generated_files/pin_manager.c estimated size: 25

/opt/microchip/xc8/v2.32/pic/sources/c99/common/lwmod.c
		___lwmod       		CODE           	05D7	0000	53

/opt/microchip/xc8/v2.32/pic/sources/c99/common/lwmod.c estimated size: 53

shared
		i1_select_digit		CODE           	05A0	0000	55
		i1_TMR6_StopTimer		CODE           	0EA8	0000	3
		i1_end_select_digit		CODE           	0F1B	0000	12
		i1___lwdiv     		CODE           	052D	0000	60
		i1_TMR4_StopTimer		CODE           	0EA5	0000	3
		i1___lwmod     		CODE           	060C	0000	52
		__initialization		CODE           	0046	0000	24
		i1_increase_digit		CODE           	06C3	0000	42
		i1_set_display_value_manual		CODE           	0F41	0000	14
		i1_set_display_value		CODE           	022F	0000	115

shared estimated size: 380

mcc_generated_files/mcc.c
		_WDT_Initialize		CODE           	0EBD	0000	4
		_OSCILLATOR_Initialize		CODE           	07F8	0000	7
		_SYSTEM_Initialize		CODE           	0770	0000	25

mcc_generated_files/mcc.c estimated size: 36

mcc_generated_files/tmr1.c
		_TMR1_Initialize		CODE           	07A2	0000	24
		_TMR1_SetInterruptHandler		CODE           	0EED	0000	9
		_TMR1_DefaultInterruptHandler		CODE           	0EA3	0000	1
		_TMR1_WriteTimer		CODE           	0FB7	0000	17
		_TMR1_ISR      		CODE           	07BA	0000	22

mcc_generated_files/tmr1.c estimated size: 73

/opt/microchip/xc8/v2.32/pic/sources/c99/pic/__eeprom.c
		___memcpyee    		CODE           	0381	0000	86
		___eetoi       		CODE           	07D0	0000	20
		___itoee       		CODE           	0FA8	0000	15
		___eecpymem    		CODE           	04B3	0000	61

/opt/microchip/xc8/v2.32/pic/sources/c99/pic/__eeprom.c estimated size: 182

mcc_generated_files/eusart.c
		_EUSART_Read   		CODE           	0F99	0000	15
		_EUSART_Write  		CODE           	0F11	0000	10
		_EUSART_Initialize		CODE           	06ED	0000	38
		_EUSART_SetFramingErrorHandler		CODE           	0EDB	0000	9
		_EUSART_SetErrorHandler		CODE           	0ED2	0000	9
		_EUSART_SetOverrunErrorHandler		CODE           	0EE4	0000	9
		_EUSART_is_rx_ready		CODE           	0EC1	0000	5
		_EUSART_is_tx_ready		CODE           	0F7B	0000	15

mcc_generated_files/eusart.c estimated size: 110

main.c
		_init_digit    		CODE           	0422	0000	74
		_select_digit  		CODE           	0569	0000	55
		_handle_received_commands		CODE           	0062	0000	346
		_get_display_value		CODE           	03D7	0000	75
		_RX_Command    		CODE           	0FC8	0000	17
		_main          		CODE           	0640	0000	46
		_TX_Command    		CODE           	0F33	0000	14
		_decrease_num  		CODE           	0314	0000	109
		_set_display_value_manual		CODE           	0F4F	0000	14
		_blink_digit   		CODE           	0733	0000	32
		_set_display_value		CODE           	01BC	0000	115
		_increase_num_automatic		CODE           	02A2	0000	114
		_decrease_digit		CODE           	066E	0000	43
		_display_refresh		CODE           	046C	0000	71
		_increase_digit		CODE           	0699	0000	42
		_end_select_digit		CODE           	0F27	0000	12

main.c estimated size: 1179

/opt/microchip/xc8/v2.32/pic/sources/c99/common/lwdiv.c
		___lwdiv       		CODE           	04F0	0000	61

/opt/microchip/xc8/v2.32/pic/sources/c99/common/lwdiv.c estimated size: 61

