Microchip MPLAB XC8 Compiler V2.32

Linker command line:

-W-3 --edf=/opt/microchip/xc8/v2.32/pic/dat/en_msgs.txt -cn \
  -h+dist/default/production/Coffe_Grinder_Main.X.production.sym \
  --cmf=dist/default/production/Coffe_Grinder_Main.X.production.cmf -z \
  -Q16F1829 -o/tmp/xcXhNnEoM --defsym=__MPLAB_BUILD=1 \
  -Mdist/default/production/Coffe_Grinder_Main.X.production.map -E1 \
  -ver=XC8 Compiler --acfsm=1493 -ASTACK=02088h-0230Eh -pstack=STACK \
  -ACODE=00h-07FFhx4 -ASTRCODE=00h-01FFFh -ASTRING=00h-0FFhx32 \
  -ACONST=00h-0FFhx32 -AENTRY=00h-0FFhx32 -ACOMMON=070h-07Fh \
  -ABANK0=020h-06Fh -ABANK1=0A0h-0EFh -ABANK2=0120h-016Fh \
  -ABANK3=01A0h-01EFh -ABANK4=0220h-026Fh -ABANK5=02A0h-02EFh \
  -ABANK6=0320h-036Fh -ABANK7=03A0h-03EFh -ABANK8=0420h-046Fh \
  -ABANK9=04A0h-04EFh -ABANK10=0520h-056Fh -ABANK11=05A0h-05EFh \
  -ABANK12=0620h-064Fh -ABIGRAM=02000h-023EFh \
  -ARAM=020h-06Fh,0A0h-0EFh,0120h-016Fh,01A0h-01EFh,0220h-026Fh,02A0h-02EFh,0320h-036Fh,03A0h-03EFh,0420h-046Fh,04A0h-04EFh,0520h-056Fh,05A0h-05EFh,0620h-064Fh \
  -AABS1=020h-07Fh,0A0h-0EFh,0120h-016Fh,01A0h-01EFh,0220h-026Fh,02A0h-02EFh,0320h-036Fh,03A0h-03EFh,0420h-046Fh,04A0h-04EFh,0520h-056Fh,05A0h-05EFh,0620h-064Fh \
  -ASFR0=00h-01Fh -ASFR1=080h-09Fh -ASFR2=0100h-011Fh -ASFR3=0180h-019Fh \
  -ASFR4=0200h-021Fh -ASFR5=0280h-029Fh -ASFR6=0300h-031Fh \
  -ASFR7=0380h-039Fh -ASFR8=0400h-041Fh -ASFR9=0480h-049Fh \
  -ASFR10=0500h-051Fh -ASFR11=0580h-059Fh -ASFR12=0600h-061Fh \
  -ASFR13=0680h-06EFh -ASFR14=0700h-076Fh -ASFR15=0780h-07EFh \
  -ASFR16=0800h-086Fh -ASFR17=0880h-08EFh -ASFR18=0900h-096Fh \
  -ASFR19=0980h-09EFh -ASFR20=0A00h-0A6Fh -ASFR21=0A80h-0AEFh \
  -ASFR22=0B00h-0B6Fh -ASFR23=0B80h-0BEFh -ASFR24=0C00h-0C6Fh \
  -ASFR25=0C80h-0CEFh -ASFR26=0D00h-0D6Fh -ASFR27=0D80h-0DEFh \
  -ASFR28=0E00h-0E6Fh -ASFR29=0E80h-0EEFh -ASFR30=0F00h-0F6Fh \
  -ASFR31=0F80h-0FEFh -ACONFIG=08007h-08008h -DCONFIG=2 \
  -AIDLOC=08000h-08003h -DIDLOC=2 -AEEDATA=00h-0FFh/0F000h \
  -peeprom_data=EEDATA -DEEDATA=2 -DCODE=2 -DSTRCODE=2 -DSTRING=2 -DCONST=2 \
  -DENTRY=2 -preset_vec=00h,intentry=04h,init,end_init -ppowerup=CODE \
  -pcinit=CODE -pfunctab=ENTRY -k /tmp/xcXIelIdL.o \
  dist/default/production/Coffe_Grinder_Main.X.production.o 

Object code version is 3.11

Machine type is 16F1829



                Name                               Link     Load   Length Selector   Space Scale
/tmp/xcXIelIdL.o
                end_init                             26       26        2        8       0
                reset_vec                             0        0        2        0       0
                config                             8007     8007        2        0       4
dist/default/production/Coffe_Grinder_Main.X.production.o
                cinit                                28       28       4B        8       0
                intentry                              4        4       22        8       0
                config                             8007     8007        2        0       4
                text121                            1E75     1E75        6     3CEA       0
                text120                            1E56     1E56        1     3CAC       0
                text119                            1F6D     1F6D       11     3EDA       0
                text118                            1F7E     1F7E       11     3EFC       0
                text117                            1E5F     1E5F        3     3CBE       0
                text116                            11F3     11F3       1E     23E6       0
                text115                            1E57     1E57        1     3CAE       0
                text114                            10D8     10D8       17     21B0       0
                text112                            1734     1734       32     2E68       0
                text111                            1FD8     1FD8       14     3FB0       0
                text110                            14F6     14F6       24     29EC       0
                text109                            1798     1798       34     2F30       0
                text108                             68E      68E      110        8       0
                text107                            1EBE     1EBE        A     3D7C       0
                text106                            1EEF     1EEF        F     3DDE       0
                text105                            1EE1     1EE1        E     3DC2       0
                text104                            119F     119F       1B     233E       0
                text103                            10AC     10AC       16     2158       0
                text102                            1F0D     1F0D       10     3E1A       0
                text101                            10EF     10EF       17     21DE       0
                text100                            1F1D     1F1D       10     3E3A       0
                text99                             111E     111E       19     223C       0
                text98                             15D8     15D8       28     2BB0       0
                text97                              D5A      D5A       8E     1AB4       0
                text96                             1211     1211       1F     2422       0
                text95                             1600     1600       29     2C00       0
                text94                              96F      96F       55     12DE       0
                text93                             1106     1106       18     220C       0
                text92                             16D6     16D6       2F     2DAC       0
                text91                              DE8      DE8       90     1BD0       0
                text90                             1E58     1E58        1     3CB0       0
                text89                             1E59     1E59        1     3CB2       0
                text88                              841      841       46     1082       0
                text87                              A2D      A2D       6B     145A       0
                text86                              B74      B74       71     16E8       0
                text85                              E78      E78       B0     1CF0       0
                text84                             1E5B     1E5B        2     3CB6       0
                text83                             153E     153E       26     2A7C       0
                text82                              A98      A98       6D     1530       0
                text81                             1F8F     1F8F       12     3F1E       0
                text80                             167C     167C       2D     2CF8       0
                text79                             148F     148F       21     291E       0
                text78                             14B0     14B0       23     2960       0
                text77                             1E99     1E99        7     3D32       0
                text76                             151A     151A       24     2A34       0
                text75                             1FA1     1FA1       12     3F42       0
                text74                             1705     1705       2F     2E0A       0
                text73                             1E70     1E70        5     3CE0       0
                text72                             1ED4     1ED4        D     3DA8       0
                text71                             1FC5     1FC5       13     3F8A       0
                text70                             1097     1097       15     212E       0
                text69                             124F     124F       20     249E       0
                text68                             126F     126F       20     24DE       0
                text67                             128F     128F       20     251E       0
                text66                             12AF     12AF       20     255E       0
                text65                             12CF     12CF       20     259E       0
                text64                             12EF     12EF       20     25DE       0
                text63                             130F     130F       20     261E       0
                text62                             132F     132F       20     265E       0
                text61                             134F     134F       20     269E       0
                text60                             136F     136F       20     26DE       0
                text59                             138F     138F       20     271E       0
                text58                             13AF     13AF       20     275E       0
                text57                             13CF     13CF       20     279E       0
                text56                             13EF     13EF       20     27DE       0
                text55                             140F     140F       20     281E       0
                text54                             142F     142F       20     285E       0
                text53                             144F     144F       20     289E       0
                text52                             146F     146F       20     28DE       0
                text51                              B05      B05       6F     160A       0
                text50                             1FEC     1FEC       14     3FD8       0
                text49                              9C4      9C4       69     1388       0
                text48                             1F2D     1F2D       10     3E5A       0
                text47                             1EA0     1EA0        7     3D40       0
                text46                             1EA7     1EA7        7     3D4E       0
                text45                             1137     1137       1A     226E       0
                text44                              79E      79E       56        8       0
                text43                             1E5A     1E5A        1     3CB4       0
                text42                             11BA     11BA       1C     2374       0
                text41                             1EAE     1EAE        7     3D5C       0
                text40                              BE5      BE5       71     17CA       0
                text39                             1151     1151       1A     22A2       0
                text38                             1652     1652       2A     2CA4       0
                text37                             158A     158A       27     2B14       0
                text36                             1E68     1E68        4     3CD0       0
                text35                             1E5D     1E5D        2     3CBA       0
                text34                             1629     1629       29     2C52       0
                text33                             1F3D     1F3D       10     3E7A       0
                text32                              800      800        5        8       0
                text31                             1F4D     1F4D       10     3E9A       0
                text30                              F28      F28       D8     1E50       0
                text29                             1E62     1E62        3     3CC4       0
                text28                              8D1      8D1       4D     11A2       0
                text27                             11D6     11D6       1D     23AC       0
                text26                             1E65     1E65        3     3CCA       0
                text25                             1564     1564       26     2AC8       0
                text24                              C56      C56       82     18AC       0
                text23                              887      887       4A     110E       0
                text22                             1EFE     1EFE        F     3DFC       0
                text21                              805      805       3C     100A       0
                text20                             17CC     17CC       34     2F98       0
                text19                              543      543      14B        8       0
                text18                             16A9     16A9       2D     2D52       0
                text17                              CD8      CD8       82     19B0       0
                text16                               73       73      4D0        8       0
                text15                             1766     1766       32     2ECC       0
                text14                             1E7B     1E7B        6     3CF6       0
                text13                             1E81     1E81        6     3D02       0
                text12                             1E87     1E87        6     3D0E       0
                text11                             14D3     14D3       23     29A6       0
                text10                             1090     1090        7     2120       0
                text9                              116B     116B       1A     22D6       0
                text8                              1E8D     1E8D        6     3D1A       0
                text7                              1FB3     1FB3       12     3F66       0
                text6                              1E93     1E93        6     3D26       0
                text5                              1185     1185       1A     230A       0
                text4                              1E6C     1E6C        4     3CD8       0
                text3                              10C2     10C2       16     2184       0
                text2                              1EB5     1EB5        9     3D6A       0
                text1                              15B1     15B1       27     2B62       0
                maintext                           1230     1230       1F     2460       0
                cstackBANK0                          20       20       33       20       1
                cstackCOMMON                         70       70        A       70       1
                cstackBANK1                          D3       D3        5       A0       1
                clrtext                            1EC8     1EC8        C     3D90       0
                inittext                            7F4      7F4        C        8       0
                dataBANK1                            B7       B7       10       A0       1
                bssBANK1                             A0       A0       17       A0       1
                dataBANK0                            6A       6A        2       20       1
                bssBANK0                             53       53       17       20       1
                bssCOMMON                            7A       7A        2       70       1
                bssEEDATA                             0     F000        A    1E000       3
                nvBANK1                              C7       C7        C       A0       1
                stringtext1                        1000     1000       90     2000       0
                idataBANK1                         1F5D     1F5D       10     3EBA       0
                idataBANK0                            2        2        2        0       0
                idataBIGRAM                         91E      91E       51     123C       0

TOTAL           Name                               Link     Load   Length     Space
        CLASS   STACK          

        CLASS   CODE           
                end_init                             26       26        2         0
                cinit                                28       28       4B         0
                intentry                              4        4       22         0
                reset_vec                             0        0        2         0
                text121                            1E75     1E75        6         0
                text120                            1E56     1E56        1         0
                text119                            1F6D     1F6D       11         0
                text118                            1F7E     1F7E       11         0
                text117                            1E5F     1E5F        3         0
                text116                            11F3     11F3       1E         0
                text115                            1E57     1E57        1         0
                text114                            10D8     10D8       17         0
                text112                            1734     1734       32         0
                text111                            1FD8     1FD8       14         0
                text110                            14F6     14F6       24         0
                text109                            1798     1798       34         0
                text108                             68E      68E      110         0
                text107                            1EBE     1EBE        A         0
                text106                            1EEF     1EEF        F         0
                text105                            1EE1     1EE1        E         0
                text104                            119F     119F       1B         0
                text103                            10AC     10AC       16         0
                text102                            1F0D     1F0D       10         0
                text101                            10EF     10EF       17         0
                text100                            1F1D     1F1D       10         0
                text99                             111E     111E       19         0
                text98                             15D8     15D8       28         0
                text97                              D5A      D5A       8E         0
                text96                             1211     1211       1F         0
                text95                             1600     1600       29         0
                text94                              96F      96F       55         0
                text93                             1106     1106       18         0
                text92                             16D6     16D6       2F         0
                text91                              DE8      DE8       90         0
                text90                             1E58     1E58        1         0
                text89                             1E59     1E59        1         0
                text88                              841      841       46         0
                text87                              A2D      A2D       6B         0
                text86                              B74      B74       71         0
                text85                              E78      E78       B0         0
                text84                             1E5B     1E5B        2         0
                text83                             153E     153E       26         0
                text82                              A98      A98       6D         0
                text81                             1F8F     1F8F       12         0
                text80                             167C     167C       2D         0
                text79                             148F     148F       21         0
                text78                             14B0     14B0       23         0
                text77                             1E99     1E99        7         0
                text76                             151A     151A       24         0
                text75                             1FA1     1FA1       12         0
                text74                             1705     1705       2F         0
                text73                             1E70     1E70        5         0
                text72                             1ED4     1ED4        D         0
                text71                             1FC5     1FC5       13         0
                text70                             1097     1097       15         0
                text69                             124F     124F       20         0
                text68                             126F     126F       20         0
                text67                             128F     128F       20         0
                text66                             12AF     12AF       20         0
                text65                             12CF     12CF       20         0
                text64                             12EF     12EF       20         0
                text63                             130F     130F       20         0
                text62                             132F     132F       20         0
                text61                             134F     134F       20         0
                text60                             136F     136F       20         0
                text59                             138F     138F       20         0
                text58                             13AF     13AF       20         0
                text57                             13CF     13CF       20         0
                text56                             13EF     13EF       20         0
                text55                             140F     140F       20         0
                text54                             142F     142F       20         0
                text53                             144F     144F       20         0
                text52                             146F     146F       20         0
                text51                              B05      B05       6F         0
                text50                             1FEC     1FEC       14         0
                text49                              9C4      9C4       69         0
                text48                             1F2D     1F2D       10         0
                text47                             1EA0     1EA0        7         0
                text46                             1EA7     1EA7        7         0
                text45                             1137     1137       1A         0
                text44                              79E      79E       56         0
                text43                             1E5A     1E5A        1         0
                text42                             11BA     11BA       1C         0
                text41                             1EAE     1EAE        7         0
                text40                              BE5      BE5       71         0
                text39                             1151     1151       1A         0
                text38                             1652     1652       2A         0
                text37                             158A     158A       27         0
                text36                             1E68     1E68        4         0
                text35                             1E5D     1E5D        2         0
                text34                             1629     1629       29         0
                text33                             1F3D     1F3D       10         0
                text32                              800      800        5         0
                text31                             1F4D     1F4D       10         0
                text30                              F28      F28       D8         0
                text29                             1E62     1E62        3         0
                text28                              8D1      8D1       4D         0
                text27                             11D6     11D6       1D         0
                text26                             1E65     1E65        3         0
                text25                             1564     1564       26         0
                text24                              C56      C56       82         0
                text23                              887      887       4A         0
                text22                             1EFE     1EFE        F         0
                text21                              805      805       3C         0
                text20                             17CC     17CC       34         0
                text19                              543      543      14B         0
                text18                             16A9     16A9       2D         0
                text17                              CD8      CD8       82         0
                text16                               73       73      4D0         0
                text15                             1766     1766       32         0
                text14                             1E7B     1E7B        6         0
                text13                             1E81     1E81        6         0
                text12                             1E87     1E87        6         0
                text11                             14D3     14D3       23         0
                text10                             1090     1090        7         0
                text9                              116B     116B       1A         0
                text8                              1E8D     1E8D        6         0
                text7                              1FB3     1FB3       12         0
                text6                              1E93     1E93        6         0
                text5                              1185     1185       1A         0
                text4                              1E6C     1E6C        4         0
                text3                              10C2     10C2       16         0
                text2                              1EB5     1EB5        9         0
                text1                              15B1     15B1       27         0
                maintext                           1230     1230       1F         0
                clrtext                            1EC8     1EC8        C         0
                inittext                            7F4      7F4        C         0
                idataBANK1                         1F5D     1F5D       10         0
                idataBANK0                            2        2        2         0
                idataBIGRAM                         91E      91E       51         0

        CLASS   STRCODE        
                stringtext1                        1000     1000       90         0

        CLASS   STRING         

        CLASS   CONST          

        CLASS   ENTRY          

        CLASS   COMMON         
                cstackCOMMON                         70       70        A         1
                bssCOMMON                            7A       7A        2         1

        CLASS   BANK0          
                cstackBANK0                          20       20       33         1
                dataBANK0                            6A       6A        2         1
                bssBANK0                             53       53       17         1

        CLASS   BANK1          
                cstackBANK1                          D3       D3        5         1
                dataBANK1                            B7       B7       10         1
                bssBANK1                             A0       A0       17         1
                nvBANK1                              C7       C7        C         1

        CLASS   BANK2          

        CLASS   BANK3          

        CLASS   BANK4          

        CLASS   BANK5          

        CLASS   BANK6          

        CLASS   BANK7          

        CLASS   BANK8          

        CLASS   BANK9          

        CLASS   BANK10         

        CLASS   BANK11         

        CLASS   BANK12         

        CLASS   BIGRAM         

        CLASS   RAM            

        CLASS   ABS1           
                abs_s1                               7E       7E        2         1
                abs_s1                              4DF      4DF       11         1
                abs_s1                              520      520       50         1
                abs_s1                              5A0      5A0       50         1
                abs_s1                              620      620       30         1
                abs_s1                             230F     230F        0         1
                abs_s1                             2360     2360        0         1

        CLASS   SFR0           

        CLASS   SFR1           

        CLASS   SFR2           

        CLASS   SFR3           

        CLASS   SFR4           

        CLASS   SFR5           

        CLASS   SFR6           

        CLASS   SFR7           

        CLASS   SFR8           

        CLASS   SFR9           

        CLASS   SFR10          

        CLASS   SFR11          

        CLASS   SFR12          

        CLASS   SFR13          

        CLASS   SFR14          

        CLASS   SFR15          

        CLASS   SFR16          

        CLASS   SFR17          

        CLASS   SFR18          

        CLASS   SFR19          

        CLASS   SFR20          

        CLASS   SFR21          

        CLASS   SFR22          

        CLASS   SFR23          

        CLASS   SFR24          

        CLASS   SFR25          

        CLASS   SFR26          

        CLASS   SFR27          

        CLASS   SFR28          

        CLASS   SFR29          

        CLASS   SFR30          

        CLASS   SFR31          

        CLASS   CONFIG         
                config                             8007     8007        2         4

        CLASS   IDLOC          

        CLASS   EEDATA         
                bssEEDATA                             0     F000        A         3

        CLASS   BANK31         

        CLASS   BANK30         

        CLASS   BANK29         

        CLASS   BANK28         

        CLASS   BANK27         

        CLASS   BANK26         

        CLASS   BANK25         

        CLASS   BANK24         

        CLASS   BANK23         

        CLASS   BANK22         

        CLASS   BANK21         

        CLASS   BANK20         

        CLASS   BANK19         

        CLASS   BANK18         

        CLASS   BANK17         

        CLASS   BANK16         

        CLASS   BANK15         

        CLASS   BANK14         

        CLASS   BANK13         



SEGMENTS        Name                           Load    Length   Top    Selector   Space  Class     Delta

                text116                        0011F3  00001E  001211      23E6       0  CODE        2
                text96                         001211  00001F  001230      2422       0  CODE        2
                text27                         0011D6  00001D  0011F3      23AC       0  CODE        2
                text104                        00119F  00001B  0011BA      233E       0  CODE        2
                text42                         0011BA  00001C  0011D6      2374       0  CODE        2
                maintext                       001230  00001F  00124F      2460       0  CODE        2
                text66                         0012AF  000020  0012CF      255E       0  CODE        2
                text65                         0012CF  000020  0012EF      259E       0  CODE        2
                text67                         00128F  000020  0012AF      251E       0  CODE        2
                text69                         00124F  000020  00126F      249E       0  CODE        2
                text68                         00126F  000020  00128F      24DE       0  CODE        2
                text114                        0010D8  000017  0010EF      21B0       0  CODE        2
                text101                        0010EF  000017  001106      21DE       0  CODE        2
                text3                          0010C2  000016  0010D8      2184       0  CODE        2
                text70                         001097  000015  0010AC      212E       0  CODE        2
                text103                        0010AC  000016  0010C2      2158       0  CODE        2
                text93                         001106  000018  00111E      220C       0  CODE        2
                text9                          00116B  00001A  001185      22D6       0  CODE        2
                text5                          001185  00001A  00119F      230A       0  CODE        2
                text39                         001151  00001A  00116B      22A2       0  CODE        2
                text99                         00111E  000019  001137      223C       0  CODE        2
                text45                         001137  00001A  001151      226E       0  CODE        2
                text78                         0014B0  000023  0014D3      2960       0  CODE        2
                text11                         0014D3  000023  0014F6      29A6       0  CODE        2
                text79                         00148F  000021  0014B0      291E       0  CODE        2
                text53                         00144F  000020  00146F      289E       0  CODE        2
                text52                         00146F  000020  00148F      28DE       0  CODE        2
                text110                        0014F6  000024  00151A      29EC       0  CODE        2
                text37                         00158A  000027  0015B1      2B14       0  CODE        2
                text1                          0015B1  000027  0015D8      2B62       0  CODE        2
                text25                         001564  000026  00158A      2AC8       0  CODE        2
                text76                         00151A  000024  00153E      2A34       0  CODE        2
                text83                         00153E  000026  001564      2A7C       0  CODE        2
                text61                         00134F  000020  00136F      269E       0  CODE        2
                text60                         00136F  000020  00138F      26DE       0  CODE        2
                text62                         00132F  000020  00134F      265E       0  CODE        2
                text64                         0012EF  000020  00130F      25DE       0  CODE        2
                text63                         00130F  000020  00132F      261E       0  CODE        2
                text59                         00138F  000020  0013AF      271E       0  CODE        2
                text55                         00140F  000020  00142F      281E       0  CODE        2
                text54                         00142F  000020  00144F      285E       0  CODE        2
                text56                         0013EF  000020  00140F      27DE       0  CODE        2
                text58                         0013AF  000020  0013CF      275E       0  CODE        2
                text57                         0013CF  000020  0013EF      279E       0  CODE        2
                text50                         001FEC  000014  002000      3FD8       0  CODE        2
                text14                         001E7B  000006  001E81      3CF6       0  CODE        2
                text13                         001E81  000006  001E87      3D02       0  CODE        2
                text121                        001E75  000006  001E7B      3CEA       0  CODE        2
                text4                          001E6C  000004  001E70      3CD8       0  CODE        2
                text73                         001E70  000005  001E75      3CE0       0  CODE        2
                text12                         001E87  000006  001E8D      3D0E       0  CODE        2
                text47                         001EA0  000007  001EA7      3D40       0  CODE        2
                text46                         001EA7  000007  001EAE      3D4E       0  CODE        2
                text77                         001E99  000007  001EA0      3D32       0  CODE        2
                text8                          001E8D  000006  001E93      3D1A       0  CODE        2
                text6                          001E93  000006  001E99      3D26       0  CODE        2
                text89                         001E59  000001  001E5A      3CB2       0  CODE        2
                text43                         001E5A  000001  001E5B      3CB4       0  CODE        2
                text90                         001E58  000001  001E59      3CB0       0  CODE        2
                text120                        001E56  000001  001E57      3CAC       0  CODE        2
                text115                        001E57  000001  001E58      3CAE       0  CODE        2
                text84                         001E5B  000002  001E5D      3CB6       0  CODE        2
                text26                         001E65  000003  001E68      3CCA       0  CODE        2
                text36                         001E68  000004  001E6C      3CD0       0  CODE        2
                text29                         001E62  000003  001E65      3CC4       0  CODE        2
                text35                         001E5D  000002  001E5F      3CBA       0  CODE        2
                text117                        001E5F  000003  001E62      3CBE       0  CODE        2
                idataBANK1                     001F5D  000010  001F6D      3EBA       0  CODE        2
                text119                        001F6D  000011  001F7E      3EDA       0  CODE        2
                text31                         001F4D  000010  001F5D      3E9A       0  CODE        2
                text48                         001F2D  000010  001F3D      3E5A       0  CODE        2
                text33                         001F3D  000010  001F4D      3E7A       0  CODE        2
                text118                        001F7E  000011  001F8F      3EFC       0  CODE        2
                text71                         001FC5  000013  001FD8      3F8A       0  CODE        2
                text111                        001FD8  000014  001FEC      3FB0       0  CODE        2
                text7                          001FB3  000012  001FC5      3F66       0  CODE        2
                text81                         001F8F  000012  001FA1      3F1E       0  CODE        2
                text75                         001FA1  000012  001FB3      3F42       0  CODE        2
                text107                        001EBE  00000A  001EC8      3D7C       0  CODE        2
                clrtext                        001EC8  00000C  001ED4      3D90       0  CODE        2
                text2                          001EB5  000009  001EBE      3D6A       0  CODE        2
                text41                         001EAE  000007  001EB5      3D5C       0  CODE        2
                text10                         001090  000007  001097      2120       0  CODE        2
                text72                         001ED4  00000D  001EE1      3DA8       0  CODE        2
                text102                        001F0D  000010  001F1D      3E1A       0  CODE        2
                text100                        001F1D  000010  001F2D      3E3A       0  CODE        2
                text22                         001EFE  00000F  001F0D      3DFC       0  CODE        2
                text105                        001EE1  00000E  001EEF      3DC2       0  CODE        2
                text106                        001EEF  00000F  001EFE      3DDE       0  CODE        2
                text98                         0015D8  000028  001600      2BB0       0  CODE        2
                reset_vec                      000000  000004  000004         0       0  CODE        2
                bssBANK1                       0000A0  000038  0000D8        A0       1  BANK1       1
                cstackBANK0                    000020  00004C  00006C        20       1  BANK0       1
                intentry                       000004  000801  000805         8       0  CODE        2
                bssEEDATA                      00F000  00000A  00F00A     1E000       3  EEDATA      2
                cstackCOMMON                   000070  00000C  00007C        70       1  COMMON      1
                text28                         0008D1  00004D  00091E      11A2       0  CODE        2
                idataBIGRAM                    00091E  000051  00096F      123C       0  CODE        2
                text23                         000887  00004A  0008D1      110E       0  CODE        2
                text21                         000805  00003C  000841      100A       0  CODE        2
                text88                         000841  000046  000887      1082       0  CODE        2
                text94                         00096F  000055  0009C4      12DE       0  CODE        2
                text51                         000B05  00006F  000B74      160A       0  CODE        2
                text86                         000B74  000071  000BE5      16E8       0  CODE        2
                text82                         000A98  00006D  000B05      1530       0  CODE        2
                text49                         0009C4  000069  000A2D      1388       0  CODE        2
                text87                         000A2D  00006B  000A98      145A       0  CODE        2
                text80                         00167C  00002D  0016A9      2CF8       0  CODE        2
                text18                         0016A9  00002D  0016D6      2D52       0  CODE        2
                text38                         001652  00002A  00167C      2CA4       0  CODE        2
                text95                         001600  000029  001629      2C00       0  CODE        2
                text34                         001629  000029  001652      2C52       0  CODE        2
                text92                         0016D6  00002F  001705      2DAC       0  CODE        2
                text109                        001798  000034  0017CC      2F30       0  CODE        2
                text20                         0017CC  000034  001800      2F98       0  CODE        2
                text15                         001766  000032  001798      2ECC       0  CODE        2
                text74                         001705  00002F  001734      2E0A       0  CODE        2
                text112                        001734  000032  001766      2E68       0  CODE        2
                text97                         000D5A  00008E  000DE8      1AB4       0  CODE        2
                text91                         000DE8  000090  000E78      1BD0       0  CODE        2
                text17                         000CD8  000082  000D5A      19B0       0  CODE        2
                text40                         000BE5  000071  000C56      17CA       0  CODE        2
                text24                         000C56  000082  000CD8      18AC       0  CODE        2
                stringtext1                    001000  000090  001090      2000       0  STRCODE     2
                text85                         000E78  0000B0  000F28      1CF0       0  CODE        2
                text30                         000F28  0000D8  001000      1E50       0  CODE        2


UNUSED ADDRESS RANGES

        Name                Unused          Largest block    Delta
        BANK0            0006C-0006F               4           1
        BANK1            000D8-000EF              18           1
        BANK2            00120-0016F              50           1
        BANK3            001A0-001EF              50           1
        BANK4            00220-0026F              50           1
        BANK5            002A0-002EF              50           1
        BANK6            00320-0036F              50           1
        BANK7            003A0-003EF              50           1
        BANK8            00420-0046F              50           1
        BANK9            004A0-004DE              3F           1
        BIGRAM           02000-023EF             3F0           1
        CODE             01800-01E55             656           2
        COMMON           0007C-0007D               2           1
        CONST            01800-01E55             100           2
        EEDATA           0F00A-0F0FF              F6           2
        ENTRY            01800-01E55             100           2
        IDLOC            08000-08003               4           2
        RAM              0006C-0006F               4           1
                         000D8-000EF              18
                         00120-0016F              50
                         001A0-001EF              50
                         00220-0026F              50
                         002A0-002EF              50
                         00320-0036F              50
                         003A0-003EF              50
                         00420-0046F              50
                         004A0-004DE              3F
        SFR0             00000-0001F              20           1
        SFR1             00080-0009F              20           1
        SFR10            00500-0051F              20           1
        SFR11            00580-0059F              20           1
        SFR12            00600-0061F              20           1
        SFR13            00680-006EF              70           1
        SFR14            00700-0076F              70           1
        SFR15            00780-007EF              70           1
        SFR16            00800-0086F              70           1
        SFR17            00880-008EF              70           1
        SFR18            00900-0096F              70           1
        SFR19            00980-009EF              70           1
        SFR2             00100-0011F              20           1
        SFR20            00A00-00A6F              70           1
        SFR21            00A80-00AEF              70           1
        SFR22            00B00-00B6F              70           1
        SFR23            00B80-00BEF              70           1
        SFR24            00C00-00C6F              70           1
        SFR25            00C80-00CEF              70           1
        SFR26            00D00-00D6F              70           1
        SFR27            00D80-00DEF              70           1
        SFR28            00E00-00E6F              70           1
        SFR29            00E80-00EEF              70           1
        SFR3             00180-0019F              20           1
        SFR30            00F00-00F6F              70           1
        SFR31            00F80-00FEF              70           1
        SFR4             00200-0021F              20           1
        SFR5             00280-0029F              20           1
        SFR6             00300-0031F              20           1
        SFR7             00380-0039F              20           1
        SFR8             00400-0041F              20           1
        SFR9             00480-0049F              20           1
        STACK            02088-0230E             287           1
        STRCODE          01800-01E55             656           2
        STRING           01800-01E55             100           2

                                  Symbol Table

?_MTOUCH_Sensor_RawSample_Get                  cstackCOMMON 00078
?___eetoi                                      cstackCOMMON 00078
?___ltdiv                                      cstackCOMMON 00072
?___lwdiv                                      cstackCOMMON 00072
?___lwmod                                      cstackCOMMON 00072
?___tmul                                       cstackCOMMON 00072
?___wmul                                       cstackCOMMON 00072
?_abs                                          cstackCOMMON 00072
Automatic_Mode@buffer                          cstackBANK1  000D6
Automatic_Mode@motor_on_time_ms                cstackBANK1  000D3
Button_Baseline_Initialize@button              cstackBANK0  00025
Button_Baseline_Update@button                  cstackCOMMON 00072
Button_DefaultCallback@button                  cstackCOMMON 00072
Button_Deviation_Update@button                 cstackCOMMON 00072
Button_Deviation_Update@deviation              cstackCOMMON 00074
Button_Reading_Update@button                   cstackBANK0  00029
Button_Reading_Update_Helper@button            cstackBANK0  00025
Button_Service@button                          cstackBANK0  00036
Button_Service@name                            cstackBANK0  00035
Button_State_Initializing@button               cstackBANK0  0002B
Button_State_NotPressed@button                 cstackBANK0  0002B
Button_State_Pressed@button                    cstackBANK0  0002B
Button_Tick_helper@button                      cstackCOMMON 00072
EEPROM_init@i                                  cstackBANK0  00026
EUSART_SetErrorHandler@interruptHandler        cstackCOMMON 00072
EUSART_SetFramingErrorHandler@interruptHandler cstackCOMMON 00072
EUSART_SetOverrunErrorHandler@interruptHandler cstackCOMMON 00072
EUSART_Write@txData                            cstackCOMMON 00072
GENERATE_PULSE@NUMBER_OF_PULSE                 cstackCOMMON 00072
GENERATE_PULSE@PULSE_PERIODE                   cstackCOMMON 00074
GENERATE_PULSE@counter                         cstackCOMMON 00076
MTOUCH_Button_Initialize@button                cstackCOMMON 00077
MTOUCH_Button_Initialize@name                  cstackCOMMON 00076
MTOUCH_Button_InitializeAll@button             cstackBANK0  00025
MTOUCH_Button_ServiceAll@button                cstackBANK0  00039
MTOUCH_Button_Tick@i                           cstackBANK0  00020
MTOUCH_Button_isPressed@name                   cstackCOMMON 00076
MTOUCH_Delay@i                                 cstackCOMMON 00073
MTOUCH_Random@seed                             bssCOMMON    0007B
MTOUCH_Sensor_Enable@sensor                    cstackCOMMON 00078
MTOUCH_Sensor_Initialize@sensor                cstackBANK0  00028
MTOUCH_Sensor_InitializeAll@sensor             cstackBANK0  0002A
MTOUCH_Sensor_RawSample_Get@name               cstackBANK0  00024
MTOUCH_Sensor_SampleAll@sensor                 cstackBANK0  00038
MTOUCH_Sensor_Sampled_ResetAll@sensor          cstackBANK0  00022
MTOUCH_Sensor_wasSampled@sensor                cstackCOMMON 00078
Manual_Mode@Flag                               cstackBANK0  0003F
Manual_Mode@Flag_sound                         cstackBANK0  00040
Manual_Mode@b_mode_touched                     cstackBANK0  0003D
Manual_Mode@b_power_touched                    cstackBANK0  0003E
Manual_Mode@received_command                   cstackBANK0  0003C
Motor_ON@motor_on_time_ms                      cstackBANK0  00024
RX_Command@buffer                              cstackCOMMON 00073
SET_SOUND_MODE@MODE                            cstackBANK0  00020
Sensor_Acq_ExecutePacket@ADCON0_temp           cstackBANK0  00027
Sensor_Acq_ExecutePacket@ADCON1_temp           cstackBANK0  00028
Sensor_Acq_ExecutePacket@GIE_state             cstackBANK0  00029
Sensor_Acq_ExecutePacket@error                 cstackBANK0  0002A
Sensor_Acq_ExecutePacket@sensor                cstackBANK0  00024
Sensor_Acq_ExecuteScan@result                  cstackCOMMON 00078
Sensor_Acquisition@retry                       cstackBANK0  0002E
Sensor_Acquisition@sensor                      cstackBANK0  0002B
Sensor_DefaultCallback@sensor                  cstackCOMMON 00072
Sensor_RawSample_Update@sensor                 cstackCOMMON 00072
Sensor_Sampled_Reset@sensor                    cstackCOMMON 00078
Sensor_Service@error                           cstackBANK0  00034
Sensor_Service@name                            cstackBANK0  00033
Sensor_Service@sensor                          cstackBANK0  00035
Sensor_isEnabled@sensor                        cstackCOMMON 00072
Sensor_setActive@sensor                        cstackCOMMON 00072
Sensor_setInactive@sensor                      cstackCOMMON 00072
Sensor_setSampled@sensor                       cstackCOMMON 00072
Sensor_setScanFunction@sensor                  cstackCOMMON 00072
TMR0_SetInterruptHandler@InterruptHandler      cstackCOMMON 00072
TMR1_SetInterruptHandler@InterruptHandler      cstackCOMMON 00072
TMR1_WriteTimer@timerVal                       cstackCOMMON 00070
TX_Command@txData                              cstackCOMMON 00073
Timer_Mode@b_mode_touched                      cstackBANK0  00045
Timer_Mode@b_power_touched                     cstackBANK0  00046
Timer_Mode@buffer                              cstackBANK0  00047
_ADCON0                                        (abs)        0009D
_ADCON0bits                                    (abs)        0009D
_ADCON1                                        (abs)        0009E
_ADRES                                         (abs)        0009B
_ANSELA                                        (abs)        0018C
_ANSELB                                        (abs)        0018D
_ANSELC                                        (abs)        0018E
_APFCON0                                       (abs)        0011D
_APFCON1                                       (abs)        0011E
_Automatic_Mode                                text16       00073
_BAUDCON                                       (abs)        0019F
_BORCON                                        (abs)        00116
_Button_Baseline_Initialize                    text92       016D6
_Button_Baseline_Update                        text91       00DE8
_Button_DefaultCallback                        text90       01E58
_Button_Deviation_Update                       text97       00D5A
_Button_Reading_Update                         text93       01106
_Button_Reading_Update_Helper                  text94       0096F
_Button_Service                                text82       00A98
_Button_StateMachine                           dataBANK1    000B7
_Button_State_Initializing                     text86       00B74
_Button_State_NotPressed                       text85       00E78
_Button_State_Pressed                          text87       00A2D
_Button_Tick_helper                            text38       01652
_EEADR                                         (abs)        00191
_EECON1                                        (abs)        00195
_EECON1bits                                    (abs)        00195
_EECON2                                        (abs)        00196
_EEDATA                                        (abs)        00193
_EEPROM_init                                   text110      014F6
_EUSART_DefaultErrorHandler                    (abs)        00000
_EUSART_DefaultFramingErrorHandler             (abs)        00000
_EUSART_DefaultOverrunErrorHandler             (abs)        00000
_EUSART_ErrorHandler                           nvBANK1      000CD
_EUSART_FramingErrorHandler                    nvBANK1      000D1
_EUSART_Initialize                             text11       014D3
_EUSART_OverrunErrorHandler                    nvBANK1      000CF
_EUSART_Read                                   text33       01F3D
_EUSART_SetErrorHandler                        text14       01E7B
_EUSART_SetFramingErrorHandler                 text13       01E81
_EUSART_SetOverrunErrorHandler                 text12       01E87
_EUSART_Write                                  text107      01EBE
_EUSART_is_rx_ready                            text32       00800
_EUSART_is_tx_ready                            text106      01EEF
_EUSART_is_tx_ready$1214                       cstackCOMMON 00072
_FCN_NEXT                                      text25       01564
_FCN_POWER                                     text99       0111E
_FCN_UP                                        text24       00C56
_GENERATE_PULSE                                text109      01798
_GIE                                           (abs)        0005F
_INTCONbits                                    (abs)        0000B
_INTERRUPT_InterruptManager                    intentry     00004
_LATA                                          (abs)        0010C
_LATAbits                                      (abs)        0010C
_LATB                                          (abs)        0010D
_LATBbits                                      (abs)        0010D
_LATC                                          (abs)        0010E
_LATCbits                                      (abs)        0010E
_MTOUCH_Button_Initialize                      text88       00841
_MTOUCH_Button_InitializeAll                   text79       0148F
_MTOUCH_Button_ServiceAll                      text81       01F8F
_MTOUCH_Button_Tick                            text37       0158A
_MTOUCH_Button_isPressed                       text98       015D8
_MTOUCH_CVD_ScanA_0                            text68       0126F
_MTOUCH_CVD_ScanA_1                            text67       0128F
_MTOUCH_CVD_ScanA_2                            text66       012AF
_MTOUCH_CVD_ScanA_3                            text65       012CF
_MTOUCH_CVD_ScanA_4                            text64       012EF
_MTOUCH_CVD_ScanA_5                            text63       0130F
_MTOUCH_CVD_ScanA_6                            text62       0132F
_MTOUCH_CVD_ScanA_7                            text61       0134F
_MTOUCH_CVD_ScanA_8                            text69       0124F
_MTOUCH_CVD_ScanB_0                            text59       0138F
_MTOUCH_CVD_ScanB_1                            text58       013AF
_MTOUCH_CVD_ScanB_2                            text57       013CF
_MTOUCH_CVD_ScanB_3                            text56       013EF
_MTOUCH_CVD_ScanB_4                            text55       0140F
_MTOUCH_CVD_ScanB_5                            text54       0142F
_MTOUCH_CVD_ScanB_6                            text53       0144F
_MTOUCH_CVD_ScanB_7                            text52       0146F
_MTOUCH_CVD_ScanB_8                            text60       0136F
_MTOUCH_Delay                                  text71       01FC5
_MTOUCH_Initialize                             text72       01ED4
_MTOUCH_Random                                 text70       01097
_MTOUCH_Sensor_Calibrate                       text89       01E59
_MTOUCH_Sensor_Enable                          text78       014B0
_MTOUCH_Sensor_Initialize                      text76       0151A
_MTOUCH_Sensor_InitializeAll                   text75       01FA1
_MTOUCH_Sensor_RawSample_Get                   text95       01600
_MTOUCH_Sensor_SampleAll                       text39       01151
_MTOUCH_Sensor_Sampled_ResetAll                text74       01705
_MTOUCH_Sensor_Scan_Initialize                 text73       01E70
_MTOUCH_Sensor_isCalibrated                    text84       01E5B
_MTOUCH_Sensor_wasSampled                      text83       0153E
_MTOUCH_Service_Mainloop                       text34       01629
_MTOUCH_Tick                                   text36       01E68
_MTOUCH_needReburst                            text35       01E5D
_Main_Routine                                  text15       01766
_Manual_Mode                                   text30       00F28
_Motor_ON                                      text27       011D6
_OPTION_REG                                    (abs)        00095
_OPTION_REGbits                                (abs)        00095
_OSCCON                                        (abs)        00099
_OSCILLATOR_Initialize                         text10       01090
_OSCTUNE                                       (abs)        00098
_PIE1bits                                      (abs)        00091
_PIN_MANAGER_Initialize                        text9        0116B
_PIR1bits                                      (abs)        00011
_PORTAbits                                     (abs)        0000C
_PORTBbits                                     (abs)        0000D
_RCREG                                         (abs)        00199
_RCSTA                                         (abs)        0019D
_RCSTAbits                                     (abs)        0019D
_RX_Command                                    text31       01F4D
_Reset_Digit_Value                             text2        01EB5
_SET_SOUND_MODE                                text108      0068E
_SOUND_MODE_e                                  bssBANK1     000B5
_SPBRGH                                        (abs)        0019C
_SPBRGL                                        (abs)        0019B
_STATUSbits                                    (abs)        00003
_SYSTEM_Initialize                             text3        010C2
_Sensor_Acq_ExecutePacket                      text49       009C4
_Sensor_Acq_ExecuteScan                        text51       00B05
_Sensor_Acquisition                            text44       0079E
_Sensor_DefaultCallback                        text43       01E5A
_Sensor_RawSample_Update                       text42       011BA
_Sensor_Sampled_Reset                          text77       01E99
_Sensor_Service                                text40       00BE5
_Sensor_isEnabled                              text48       01F2D
_Sensor_scanA                                  dataBANK1    000C3
_Sensor_scanB                                  dataBANK1    000C1
_Sensor_setActive                              text47       01EA0
_Sensor_setInactive                            text46       01EA7
_Sensor_setSampled                             text41       01EAE
_Sensor_setScanFunction                        text50       01FEC
_T1CON                                         (abs)        00018
_T1CONbits                                     (abs)        00018
_T1GCON                                        (abs)        00019
_T1GCONbits                                    (abs)        00019
_TMR0                                          (abs)        00015
_TMR0_DefaultInterruptHandler                  text120      01E56
_TMR0_ISR                                      text119      01F6D
_TMR0_Initialize                               text7        01FB3
_TMR0_InterruptHandler                         nvBANK1      000CB
_TMR0_SetInterruptHandler                      text8        01E8D
_TMR1H                                         (abs)        00017
_TMR1L                                         (abs)        00016
_TMR1_DefaultInterruptHandler                  text115      01E57
_TMR1_ISR                                      text114      010D8
_TMR1_Initialize                               text5        01185
_TMR1_InterruptHandler                         nvBANK1      000C7
_TMR1_SetInterruptHandler                      text6        01E93
_TMR1_StartTimer                               text29       01E62
_TMR1_StopTimer                                text26       01E65
_TMR1_WriteTimer                               text118      01F7E
_TRISA                                         (abs)        0008C
_TRISB                                         (abs)        0008D
_TRISC                                         (abs)        0008E
_TXREG                                         (abs)        0019A
_TXSTA                                         (abs)        0019E
_TXSTAbits                                     (abs)        0019E
_TX_Command                                    text105      01EE1
_Timer_Mode                                    text19       00543
_Toggle_7seg                                   text104      0119F
_Toggle_OFFLED                                 text103      010AC
_Toggle_PushButton                             text102      01F0D
_Toggle_Touch_LEDs                             text101      010EF
_Toggle_Touches                                text100      01F1D
_WDTCON                                        (abs)        00097
_WDT_Initialize                                text4        01E6C
_WPUA                                          (abs)        0020C
_WPUB                                          (abs)        0020D
_WPUC                                          (abs)        0020E
__Habs1                                        abs1         00000
__Hbank0                                       bank0        00000
__Hbank1                                       bank1        00000
__Hbank10                                      bank10       00000
__Hbank11                                      bank11       00000
__Hbank12                                      bank12       00000
__Hbank13                                      bank13       00000
__Hbank14                                      bank14       00000
__Hbank15                                      bank15       00000
__Hbank16                                      bank16       00000
__Hbank17                                      bank17       00000
__Hbank18                                      bank18       00000
__Hbank19                                      bank19       00000
__Hbank2                                       bank2        00000
__Hbank20                                      bank20       00000
__Hbank21                                      bank21       00000
__Hbank22                                      bank22       00000
__Hbank23                                      bank23       00000
__Hbank24                                      bank24       00000
__Hbank25                                      bank25       00000
__Hbank26                                      bank26       00000
__Hbank27                                      bank27       00000
__Hbank28                                      bank28       00000
__Hbank29                                      bank29       00000
__Hbank3                                       bank3        00000
__Hbank30                                      bank30       00000
__Hbank31                                      bank31       00000
__Hbank4                                       bank4        00000
__Hbank5                                       bank5        00000
__Hbank6                                       bank6        00000
__Hbank7                                       bank7        00000
__Hbank8                                       bank8        00000
__Hbank9                                       bank9        00000
__Hbigram                                      bigram       00000
__HbssBANK0                                    bssBANK0     00000
__HbssBANK1                                    bssBANK1     00000
__HbssCOMMON                                   bssCOMMON    00000
__HbssEEDATA                                   bssEEDATA    00000
__Hcinit                                       cinit        00073
__Hclrtext                                     clrtext      00000
__Hcode                                        code         00000
__Hcommon                                      common       00000
__Hconfig                                      config       08009
__HcstackBANK0                                 cstackBANK0  00000
__HcstackBANK1                                 cstackBANK1  00000
__HcstackCOMMON                                cstackCOMMON 00000
__HdataBANK0                                   dataBANK0    00000
__HdataBANK1                                   dataBANK1    00000
__Heeprom_data                                 eeprom_data  00000
__Hend_init                                    end_init     00028
__Hfunctab                                     functab      00000
__HidataBANK0                                  idataBANK0   00000
__HidataBANK1                                  idataBANK1   00000
__HidataBIGRAM                                 idataBIGRAM  00000
__Hinit                                        init         00026
__Hinittext                                    inittext     00000
__Hintentry                                    intentry     00026
__Hmaintext                                    maintext     00000
__HnvBANK1                                     nvBANK1      00000
__Hpowerup                                     powerup      00000
__Hram                                         ram          00000
__Hreset_vec                                   reset_vec    00002
__Hsfr0                                        sfr0         00000
__Hsfr1                                        sfr1         00000
__Hsfr10                                       sfr10        00000
__Hsfr11                                       sfr11        00000
__Hsfr12                                       sfr12        00000
__Hsfr13                                       sfr13        00000
__Hsfr14                                       sfr14        00000
__Hsfr15                                       sfr15        00000
__Hsfr16                                       sfr16        00000
__Hsfr17                                       sfr17        00000
__Hsfr18                                       sfr18        00000
__Hsfr19                                       sfr19        00000
__Hsfr2                                        sfr2         00000
__Hsfr20                                       sfr20        00000
__Hsfr21                                       sfr21        00000
__Hsfr22                                       sfr22        00000
__Hsfr23                                       sfr23        00000
__Hsfr24                                       sfr24        00000
__Hsfr25                                       sfr25        00000
__Hsfr26                                       sfr26        00000
__Hsfr27                                       sfr27        00000
__Hsfr28                                       sfr28        00000
__Hsfr29                                       sfr29        00000
__Hsfr3                                        sfr3         00000
__Hsfr30                                       sfr30        00000
__Hsfr31                                       sfr31        00000
__Hsfr4                                        sfr4         00000
__Hsfr5                                        sfr5         00000
__Hsfr6                                        sfr6         00000
__Hsfr7                                        sfr7         00000
__Hsfr8                                        sfr8         00000
__Hsfr9                                        sfr9         00000
__Hspace_0                                     (abs)        02000
__Hspace_1                                     (abs)        000D8
__Hspace_2                                     (abs)        00000
__Hspace_3                                     (abs)        0000A
__Hspace_4                                     (abs)        10010
__Hstack                                       stack        00000
__Hstrings                                     strings      00000
__Hstringtext1                                 stringtext1  00000
__Htext                                        text         00000
__Labs1                                        abs1         00000
__Lbank0                                       bank0        00000
__Lbank1                                       bank1        00000
__Lbank10                                      bank10       00000
__Lbank11                                      bank11       00000
__Lbank12                                      bank12       00000
__Lbank13                                      bank13       00000
__Lbank14                                      bank14       00000
__Lbank15                                      bank15       00000
__Lbank16                                      bank16       00000
__Lbank17                                      bank17       00000
__Lbank18                                      bank18       00000
__Lbank19                                      bank19       00000
__Lbank2                                       bank2        00000
__Lbank20                                      bank20       00000
__Lbank21                                      bank21       00000
__Lbank22                                      bank22       00000
__Lbank23                                      bank23       00000
__Lbank24                                      bank24       00000
__Lbank25                                      bank25       00000
__Lbank26                                      bank26       00000
__Lbank27                                      bank27       00000
__Lbank28                                      bank28       00000
__Lbank29                                      bank29       00000
__Lbank3                                       bank3        00000
__Lbank30                                      bank30       00000
__Lbank31                                      bank31       00000
__Lbank4                                       bank4        00000
__Lbank5                                       bank5        00000
__Lbank6                                       bank6        00000
__Lbank7                                       bank7        00000
__Lbank8                                       bank8        00000
__Lbank9                                       bank9        00000
__Lbigram                                      bigram       00000
__LbssBANK0                                    bssBANK0     00000
__LbssBANK1                                    bssBANK1     00000
__LbssCOMMON                                   bssCOMMON    00000
__LbssEEDATA                                   bssEEDATA    00000
__Lcinit                                       cinit        00028
__Lclrtext                                     clrtext      00000
__Lcode                                        code         00000
__Lcommon                                      common       00000
__Lconfig                                      config       00000
__LcstackBANK0                                 cstackBANK0  00000
__LcstackBANK1                                 cstackBANK1  00000
__LcstackCOMMON                                cstackCOMMON 00000
__LdataBANK0                                   dataBANK0    00000
__LdataBANK1                                   dataBANK1    00000
__Leeprom_data                                 eeprom_data  00000
__Lend_init                                    end_init     00026
__Lfunctab                                     functab      00000
__LidataBANK0                                  idataBANK0   00000
__LidataBANK1                                  idataBANK1   00000
__LidataBIGRAM                                 idataBIGRAM  00000
__Linit                                        init         00026
__Linittext                                    inittext     00000
__Lintentry                                    intentry     00004
__Lmaintext                                    maintext     00000
__LnvBANK1                                     nvBANK1      00000
__Lpowerup                                     powerup      00000
__Lram                                         ram          00000
__Lreset_vec                                   reset_vec    00000
__Lsfr0                                        sfr0         00000
__Lsfr1                                        sfr1         00000
__Lsfr10                                       sfr10        00000
__Lsfr11                                       sfr11        00000
__Lsfr12                                       sfr12        00000
__Lsfr13                                       sfr13        00000
__Lsfr14                                       sfr14        00000
__Lsfr15                                       sfr15        00000
__Lsfr16                                       sfr16        00000
__Lsfr17                                       sfr17        00000
__Lsfr18                                       sfr18        00000
__Lsfr19                                       sfr19        00000
__Lsfr2                                        sfr2         00000
__Lsfr20                                       sfr20        00000
__Lsfr21                                       sfr21        00000
__Lsfr22                                       sfr22        00000
__Lsfr23                                       sfr23        00000
__Lsfr24                                       sfr24        00000
__Lsfr25                                       sfr25        00000
__Lsfr26                                       sfr26        00000
__Lsfr27                                       sfr27        00000
__Lsfr28                                       sfr28        00000
__Lsfr29                                       sfr29        00000
__Lsfr3                                        sfr3         00000
__Lsfr30                                       sfr30        00000
__Lsfr31                                       sfr31        00000
__Lsfr4                                        sfr4         00000
__Lsfr5                                        sfr5         00000
__Lsfr6                                        sfr6         00000
__Lsfr7                                        sfr7         00000
__Lsfr8                                        sfr8         00000
__Lsfr9                                        sfr9         00000
__Lspace_0                                     (abs)        00000
__Lspace_1                                     (abs)        00000
__Lspace_2                                     (abs)        00000
__Lspace_3                                     (abs)        00000
__Lspace_4                                     (abs)        00000
__Lstack                                       stack        00000
__Lstrings                                     strings      00000
__Lstringtext1                                 stringtext1  00000
__Ltext                                        text         00000
__S0                                           (abs)        02000
__S1                                           (abs)        000D8
__S2                                           (abs)        00000
__S3                                           (abs)        0F00A
___eecpymem                                    text112      01734
___eecpymem@cp                                 cstackCOMMON 00076
___eecpymem@from                               cstackCOMMON 00072
___eecpymem@size                               cstackCOMMON 00073
___eecpymem@to                                 cstackCOMMON 00077
___eetoi                                       text111      01FD8
___eetoi@addr                                  cstackBANK0  00024
___eetoi@data                                  cstackBANK0  00022
___int_sp                                      stack        00000
___itoee                                       text22       01EFE
___itoee@addr                                  cstackBANK0  00022
___itoee@data                                  cstackCOMMON 00078
___latbits                                     (abs)        00002
___ltdiv                                       text28       008D1
___ltdiv@counter                               cstackBANK0  00023
___ltdiv@dividend                              cstackCOMMON 00075
___ltdiv@divisor                               cstackCOMMON 00072
___ltdiv@quotient                              cstackBANK0  00020
___lwdiv                                       text21       00805
___lwdiv@counter                               cstackCOMMON 00077
___lwdiv@dividend                              cstackCOMMON 00074
___lwdiv@divisor                               cstackCOMMON 00072
___lwdiv@quotient                              cstackCOMMON 00078
___lwmod                                       text20       017CC
___lwmod@counter                               cstackCOMMON 00077
[...]
__size_of_EUSART_is_tx_ready                   (abs)        00000
__size_of_FCN_NEXT                             (abs)        00000
__size_of_FCN_POWER                            (abs)        00000
__size_of_FCN_UP                               (abs)        00000
__size_of_GENERATE_PULSE                       (abs)        00000
__size_of_INTERRUPT_InterruptManager           (abs)        00000
__size_of_MTOUCH_Button_Initialize             (abs)        00000
__size_of_MTOUCH_Button_InitializeAll          (abs)        00000
__size_of_MTOUCH_Button_ServiceAll             (abs)        00000
__size_of_MTOUCH_Button_Tick                   (abs)        00000
__size_of_MTOUCH_Button_isPressed              (abs)        00000
__size_of_MTOUCH_CVD_ScanA_0                   (abs)        00000
__size_of_MTOUCH_CVD_ScanA_1                   (abs)        00000
__size_of_MTOUCH_CVD_ScanA_2                   (abs)        00000
__size_of_MTOUCH_CVD_ScanA_3                   (abs)        00000
__size_of_MTOUCH_CVD_ScanA_4                   (abs)        00000
__size_of_MTOUCH_CVD_ScanA_5                   (abs)        00000
__size_of_MTOUCH_CVD_ScanA_6                   (abs)        00000
__size_of_MTOUCH_CVD_ScanA_7                   (abs)        00000
__size_of_MTOUCH_CVD_ScanA_8                   (abs)        00000
__size_of_MTOUCH_CVD_ScanB_0                   (abs)        00000
__size_of_MTOUCH_CVD_ScanB_1                   (abs)        00000
__size_of_MTOUCH_CVD_ScanB_2                   (abs)        00000
__size_of_MTOUCH_CVD_ScanB_3                   (abs)        00000
__size_of_MTOUCH_CVD_ScanB_4                   (abs)        00000
__size_of_MTOUCH_CVD_ScanB_5                   (abs)        00000
__size_of_MTOUCH_CVD_ScanB_6                   (abs)        00000
__size_of_MTOUCH_CVD_ScanB_7                   (abs)        00000
__size_of_MTOUCH_CVD_ScanB_8                   (abs)        00000
__size_of_MTOUCH_Delay                         (abs)        00000
__size_of_MTOUCH_Initialize                    (abs)        00000
__size_of_MTOUCH_Random                        (abs)        00000
__size_of_MTOUCH_Sensor_Calibrate              (abs)        00000
__size_of_MTOUCH_Sensor_Enable                 (abs)        00000
__size_of_MTOUCH_Sensor_Initialize             (abs)        00000
__size_of_MTOUCH_Sensor_InitializeAll          (abs)        00000
__size_of_MTOUCH_Sensor_RawSample_Get          (abs)        00000
__size_of_MTOUCH_Sensor_SampleAll              (abs)        00000
__size_of_MTOUCH_Sensor_Sampled_ResetAll       (abs)        00000
__size_of_MTOUCH_Sensor_Scan_Initialize        (abs)        00000
__size_of_MTOUCH_Sensor_isCalibrated           (abs)        00000
__size_of_MTOUCH_Sensor_wasSampled             (abs)        00000
__size_of_MTOUCH_Service_Mainloop              (abs)        00000
__size_of_MTOUCH_Tick                          (abs)        00000
__size_of_MTOUCH_needReburst                   (abs)        00000
__size_of_Main_Routine                         (abs)        00000
__size_of_Manual_Mode                          (abs)        00000
__size_of_Motor_ON                             (abs)        00000
__size_of_OSCILLATOR_Initialize                (abs)        00000
__size_of_PIN_MANAGER_Initialize               (abs)        00000
__size_of_RX_Command                           (abs)        00000
__size_of_Reset_Digit_Value                    (abs)        00000
__size_of_SET_SOUND_MODE                       (abs)        00000
__size_of_SYSTEM_Initialize                    (abs)        00000
__size_of_Sensor_Acq_ExecutePacket             (abs)        00000
__size_of_Sensor_Acq_ExecuteScan               (abs)        00000
__size_of_Sensor_Acquisition                   (abs)        00000
__size_of_Sensor_DefaultCallback               (abs)        00000
__size_of_Sensor_RawSample_Update              (abs)        00000
__size_of_Sensor_Sampled_Reset                 (abs)        00000
__size_of_Sensor_Service                       (abs)        00000
__size_of_Sensor_isEnabled                     (abs)        00000
__size_of_Sensor_setActive                     (abs)        00000
__size_of_Sensor_setInactive                   (abs)        00000
__size_of_Sensor_setSampled                    (abs)        00000
__size_of_Sensor_setScanFunction               (abs)        00000
__size_of_TMR0_DefaultInterruptHandler         (abs)        00000
__size_of_TMR0_ISR                             (abs)        00000
__size_of_TMR0_Initialize                      (abs)        00000
__size_of_TMR0_SetInterruptHandler             (abs)        00000
__size_of_TMR1_DefaultInterruptHandler         (abs)        00000
__size_of_TMR1_ISR                             (abs)        00000
__size_of_TMR1_Initialize                      (abs)        00000
__size_of_TMR1_SetInterruptHandler             (abs)        00000
__size_of_TMR1_StartTimer                      (abs)        00000
__size_of_TMR1_StopTimer                       (abs)        00000
__size_of_TMR1_WriteTimer                      (abs)        00000
__size_of_TX_Command                           (abs)        00000
__size_of_Timer_Mode                           (abs)        00000
__size_of_Toggle_7seg                          (abs)        00000
__size_of_Toggle_OFFLED                        (abs)        00000
__size_of_Toggle_PushButton                    (abs)        00000
__size_of_Toggle_Touch_LEDs                    (abs)        00000
__size_of_Toggle_Touches                       (abs)        00000
__size_of_WDT_Initialize                       (abs)        00000
__size_of___eecpymem                           (abs)        00000
__size_of___eetoi                              (abs)        00000
__size_of___itoee                              (abs)        00000
__size_of___ltdiv                              (abs)        00000
__size_of___lwdiv                              (abs)        00000
__size_of___lwmod                              (abs)        00000
__size_of___memcpyee                           (abs)        00000
__size_of___tmul                               (abs)        00000
__size_of___wmul                               (abs)        00000
__size_of_abs                                  (abs)        00000
__size_of_init_panel                           (abs)        00000
__size_of_main                                 (abs)        00000
__size_of_memcpy                               (abs)        00000
__size_of_set_digit_counters                   (abs)        00000
__size_of_tmr0_long_press_duration             (abs)        00000
__size_of_tmr1_motor_on_duration               (abs)        00000
__size_ofi1_TMR1_StopTimer                     (abs)        00000
_abs                                           text45       01137
_callback_notPressed                           dataBANK1    000BD
_callback_pressed                              dataBANK1    000BF
_callback_sampled                              dataBANK1    000C5
_currentScannSensor                            bssBANK0     00068
_eusartRxLastError                             bssBANK1     000B6
_g_digit_status                                bssCOMMON    0007A
_g_mass                                        bssBANK0     00059
_g_mass_calc                                   bssBANK0     00053
_g_memory_mass                                 bssBANK1     000A0
_g_mode_status                                 bssBANK0     00060
_g_motor_on_duration_ms                        bssBANK1     000B0
_g_power_event                                 bssBANK0     0005E
_g_sss_status                                  bssBANK0     00061
_g_status                                      bssBANK0     0005F
_g_time_calc                                   bssBANK0     00056
_g_time_ms                                     dataBANK0    0006A
_g_tmr0_longpress_duration_counter             bssBANK0     0005B
_g_tmr1_motor_counter                          bssBANK1     000A8
_g_touch_status                                bssBANK1     000B4
_gb_motor_timer_off                            bssBANK0     0005D
_ge_memory_mass                                bssEEDATA    00000
_ge_time_ms                                    bssEEDATA    00008
_init_panel                                    text1        015B1
_lowpowerActivated                             bssBANK0     00065
_main                                          maintext     01230
_memcpy                                        text80       0167C
_mtouch_button                                 (abs)        02360
_mtouch_button_init                            stringtext1  01000
_mtouch_request_init                           bssBANK0     00063
_mtouch_sensor                                 (abs)        0230F
_mtouch_time_toScan                            bssBANK0     00064
_packet_counter                                bssBANK0     00067
_packet_sample                                 bssBANK1     000B2
_sample_delay                                  bssBANK0     00066
_sensor_globalFlags                            bssBANK0     00069
_set_digit_counters                            text17       00CD8
_timer0ReloadVal                               bssBANK0     00062
_timer1ReloadVal                               nvBANK1      000C9
_tmr0_long_press_duration                      text121      01E75
_tmr1_motor_on_duration                        text116      011F3
abs@a                                          cstackCOMMON 00072
btemp                                          (abs)        0007E
clear_ram0                                     clrtext      01EC8
end_of_initialization                          cinit        0006F
i1_TMR1_StopTimer                              text117      01E5F
init_ram                                       inittext     007F4
int$flags                                      (abs)        0007E
intlevel0                                      functab      00000
intlevel1                                      functab      00000
intlevel2                                      functab      00000
intlevel3                                      functab      00000
intlevel4                                      functab      00000
intlevel5                                      functab      00000
memcpy@d                                       cstackBANK0  00021
memcpy@d1                                      cstackCOMMON 00072
memcpy@n                                       cstackCOMMON 00076
memcpy@s                                       cstackBANK0  00023
memcpy@s1                                      cstackCOMMON 00074
memcpy@tmp                                     cstackBANK0  00020
reset_vec                                      reset_vec    00000
set_digit_counters@buffer                      cstackBANK0  00025
set_digit_counters@mass                        cstackBANK0  00020
set_digit_counters@time                        cstackBANK0  00022
start                                          init         00026
start_initialization                           cinit        00028
wtemp0                                         (abs)        0007E


MODULE INFORMATION

Module		Function		Class		Link	Load	Size
mcc_generated_files/mtouch/mtouch_button.c
		_Button_Deviation_Update		CODE           	0D5A	0000	142
		_MTOUCH_Button_isPressed		CODE           	15D8	0000	40
		_MTOUCH_Button_Initialize		CODE           	0841	0000	70
		_Button_Tick_helper		CODE           	1652	0000	42
		_MTOUCH_Button_InitializeAll		CODE           	148F	0000	33
		_Button_Baseline_Update		CODE           	0DE8	0000	144
		_Button_State_Pressed		CODE           	0A2D	0000	107
		_Button_Reading_Update		CODE           	1106	0000	24
		_Button_DefaultCallback		CODE           	1E58	0000	1
		_MTOUCH_Button_Tick		CODE           	158A	0000	39
		_Button_State_NotPressed		CODE           	0E78	0000	176
		_Button_Reading_Update_Helper		CODE           	096F	0000	85
		_Button_Service		CODE           	0A98	0000	109
		_Button_State_Initializing		CODE           	0B74	0000	113
		_MTOUCH_Button_ServiceAll		CODE           	1F8F	0000	18
		_Button_Baseline_Initialize		CODE           	16D6	0000	47

mcc_generated_files/mtouch/mtouch_button.c estimated size: 1190

/opt/microchip/xc8/v2.32/pic/sources/c99/common/Umul16.c
		___wmul        		CODE           	1211	0000	31

/opt/microchip/xc8/v2.32/pic/sources/c99/common/Umul16.c estimated size: 31

/opt/microchip/xc8/v2.32/pic/sources/c99/common/ltdiv.c
		___ltdiv       		CODE           	08D1	0000	77

/opt/microchip/xc8/v2.32/pic/sources/c99/common/ltdiv.c estimated size: 77

mcc_generated_files/interrupt_manager.c
		_INTERRUPT_InterruptManager		CODE           	0004	0000	34

mcc_generated_files/interrupt_manager.c estimated size: 34

mcc_generated_files/tmr0.c
		_TMR0_SetInterruptHandler		CODE           	1E8D	0000	6
		_TMR0_DefaultInterruptHandler		CODE           	1E56	0000	1
		_TMR0_ISR      		CODE           	1F6D	0000	17
		_TMR0_Initialize		CODE           	1FB3	0000	18

mcc_generated_files/tmr0.c estimated size: 42

mcc_generated_files/mtouch/mtouch.c
		_MTOUCH_Tick   		CODE           	1E68	0000	4
		_MTOUCH_Initialize		CODE           	1ED4	0000	13
		_MTOUCH_Service_Mainloop		CODE           	1629	0000	41
		_MTOUCH_needReburst		CODE           	1E5D	0000	2

mcc_generated_files/mtouch/mtouch.c estimated size: 60

mcc_generated_files/pin_manager.c
		_PIN_MANAGER_Initialize		CODE           	116B	0000	26

mcc_generated_files/pin_manager.c estimated size: 26

/opt/microchip/xc8/v2.32/pic/sources/c99/common/abs.c
		_abs           		CODE           	1137	0000	26

/opt/microchip/xc8/v2.32/pic/sources/c99/common/abs.c estimated size: 26

mcc_generated_files/mtouch/mtouch_sensor_scan.c
		_MTOUCH_CVD_ScanA_0		CODE           	126F	0000	32
		_MTOUCH_CVD_ScanB_0		CODE           	138F	0000	32
		_MTOUCH_CVD_ScanA_1		CODE           	128F	0000	32
		_MTOUCH_CVD_ScanB_1		CODE           	13AF	0000	32
		_MTOUCH_CVD_ScanA_2		CODE           	12AF	0000	32
		_MTOUCH_CVD_ScanB_2		CODE           	13CF	0000	32
		_MTOUCH_CVD_ScanA_3		CODE           	12CF	0000	32
		_MTOUCH_CVD_ScanB_3		CODE           	13EF	0000	32
		_MTOUCH_CVD_ScanA_4		CODE           	12EF	0000	32
		_MTOUCH_CVD_ScanB_4		CODE           	140F	0000	32
		_MTOUCH_CVD_ScanA_5		CODE           	130F	0000	32
		_MTOUCH_CVD_ScanB_5		CODE           	142F	0000	32
		_MTOUCH_CVD_ScanA_6		CODE           	132F	0000	32
		_MTOUCH_CVD_ScanB_6		CODE           	144F	0000	32
		_MTOUCH_CVD_ScanA_7		CODE           	134F	0000	32
		_MTOUCH_CVD_ScanB_7		CODE           	146F	0000	32
		_MTOUCH_CVD_ScanA_8		CODE           	124F	0000	32
		_MTOUCH_CVD_ScanB_8		CODE           	136F	0000	32

mcc_generated_files/mtouch/mtouch_sensor_scan.c estimated size: 576

sound/sound_unit.c
		_GENERATE_PULSE		CODE           	1798	0000	52
		_SET_SOUND_MODE		CODE           	068E	0000	272

sound/sound_unit.c estimated size: 324

/opt/microchip/xc8/v2.32/pic/sources/c99/common/lwmod.c
		___lwmod       		CODE           	17CC	0000	52

/opt/microchip/xc8/v2.32/pic/sources/c99/common/lwmod.c estimated size: 52

shared
		i1_TMR1_StopTimer		CODE           	1E5F	0000	3
		__initialization		CODE           	0028	0000	71
		_mtouch_button_init		STRCODE        	1000	0000	144

shared estimated size: 218

/opt/microchip/xc8/v2.32/pic/sources/c99/common/Umul24.c
		___tmul        		CODE           	16A9	0000	45

/opt/microchip/xc8/v2.32/pic/sources/c99/common/Umul24.c estimated size: 45

mcc_generated_files/mcc.c
		_WDT_Initialize		CODE           	1E6C	0000	4
		_OSCILLATOR_Initialize		CODE           	1090	0000	7
		_SYSTEM_Initialize		CODE           	10C2	0000	22

mcc_generated_files/mcc.c estimated size: 33

mcc_generated_files/tmr1.c
		_TMR1_Initialize		CODE           	1185	0000	26
		_TMR1_SetInterruptHandler		CODE           	1E93	0000	6
		_TMR1_StopTimer		CODE           	1E65	0000	3
		_TMR1_DefaultInterruptHandler		CODE           	1E57	0000	1
		_TMR1_WriteTimer		CODE           	1F7E	0000	17
		_TMR1_StartTimer		CODE           	1E62	0000	3
		_TMR1_ISR      		CODE           	10D8	0000	23

mcc_generated_files/tmr1.c estimated size: 79

/opt/microchip/xc8/v2.32/pic/sources/c99/pic/__eeprom.c
		___memcpyee    		CODE           	0887	0000	74
		___eetoi       		CODE           	1FD8	0000	20
		___itoee       		CODE           	1EFE	0000	15
		___eecpymem    		CODE           	1734	0000	50

/opt/microchip/xc8/v2.32/pic/sources/c99/pic/__eeprom.c estimated size: 159

mcc_generated_files/eusart.c
		_EUSART_Read   		CODE           	1F3D	0000	16
		_EUSART_Write  		CODE           	1EBE	0000	10
		_EUSART_Initialize		CODE           	14D3	0000	35
		_EUSART_SetFramingErrorHandler		CODE           	1E81	0000	6
		_EUSART_SetErrorHandler		CODE           	1E7B	0000	6
		_EUSART_SetOverrunErrorHandler		CODE           	1E87	0000	6
		_EUSART_is_rx_ready		CODE           	0800	0000	5
		_EUSART_is_tx_ready		CODE           	1EEF	0000	15

mcc_generated_files/eusart.c estimated size: 99

main.c
		_Automatic_Mode		CODE           	0073	0000	1232
		_EEPROM_init   		CODE           	14F6	0000	36
		_RX_Command    		CODE           	1F4D	0000	16
		_main          		CODE           	1230	0000	31
		_TX_Command    		CODE           	1EE1	0000	14
		_Toggle_Touch_LEDs		CODE           	10EF	0000	23
		_Toggle_7seg   		CODE           	119F	0000	27
		_tmr1_motor_on_duration		CODE           	11F3	0000	30
		_Toggle_OFFLED 		CODE           	10AC	0000	22
		_Reset_Digit_Value		CODE           	1EB5	0000	9
		_Motor_ON      		CODE           	11D6	0000	29
		_FCN_NEXT      		CODE           	1564	0000	38
		_FCN_POWER     		CODE           	111E	0000	25
		_Toggle_Touches		CODE           	1F1D	0000	16
		_set_digit_counters		CODE           	0CD8	0000	130
		_init_panel    		CODE           	15B1	0000	39
		_Toggle_PushButton		CODE           	1F0D	0000	16
		_Timer_Mode    		CODE           	0543	0000	331
		_FCN_UP        		CODE           	0C56	0000	130
		_tmr0_long_press_duration		CODE           	1E75	0000	6
		_Main_Routine  		CODE           	1766	0000	50
		_Manual_Mode   		CODE           	0F28	0000	216

main.c estimated size: 2466

mcc_generated_files/mtouch/mtouch_random.c
		_MTOUCH_Random 		CODE           	1097	0000	21

mcc_generated_files/mtouch/mtouch_random.c estimated size: 21

/opt/microchip/xc8/v2.32/pic/sources/c99/common/memcpy.c
		_memcpy        		CODE           	167C	0000	45

/opt/microchip/xc8/v2.32/pic/sources/c99/common/memcpy.c estimated size: 45

/opt/microchip/xc8/v2.32/pic/sources/c99/common/lwdiv.c
		___lwdiv       		CODE           	0805	0000	60

/opt/microchip/xc8/v2.32/pic/sources/c99/common/lwdiv.c estimated size: 60

mcc_generated_files/mtouch/mtouch_sensor.c
		_Sensor_Acq_ExecutePacket		CODE           	09C4	0000	105
		_MTOUCH_Delay  		CODE           	1FC5	0000	19
		_Sensor_Acquisition		CODE           	079E	0000	86
		_MTOUCH_Sensor_Initialize		CODE           	151A	0000	36
		_Sensor_Sampled_Reset		CODE           	1E99	0000	7
		_MTOUCH_Sensor_InitializeAll		CODE           	1FA1	0000	18
		_Sensor_DefaultCallback		CODE           	1E5A	0000	1
		_Sensor_isEnabled		CODE           	1F2D	0000	16
		_MTOUCH_Sensor_isCalibrated		CODE           	1E5B	0000	2
		_MTOUCH_Sensor_Calibrate		CODE           	1E59	0000	1
		_MTOUCH_Sensor_Sampled_ResetAll		CODE           	1705	0000	47
		_Sensor_setActive		CODE           	1EA0	0000	7
		_MTOUCH_Sensor_Enable		CODE           	14B0	0000	35
		_Sensor_Acq_ExecuteScan		CODE           	0B05	0000	111
		_Sensor_setSampled		CODE           	1EAE	0000	7
		_MTOUCH_Sensor_RawSample_Get		CODE           	1600	0000	41
		_MTOUCH_Sensor_SampleAll		CODE           	1151	0000	26
		_MTOUCH_Sensor_wasSampled		CODE           	153E	0000	38
		_Sensor_Service		CODE           	0BE5	0000	113
		_Sensor_setScanFunction		CODE           	1FEC	0000	20
		_MTOUCH_Sensor_Scan_Initialize		CODE           	1E70	0000	5
		_Sensor_RawSample_Update		CODE           	11BA	0000	28
		_Sensor_setInactive		CODE           	1EA7	0000	7

mcc_generated_files/mtouch/mtouch_sensor.c estimated size: 776

